HI-TECH Software C Compiler 

Linker command line:

--edf=C:\Program Files (x86)\HI-TECH Software\PICC\9.83\dat\en_msgs.txt -cs \
  -h+led.sym -z -Q16F887 -ol.obj -Mled.map -E1 -ACONST=00h-0FFhx32 \
  -ACODE=00h-07FFhx4 -ASTRCODE=00h-01FFFh -AENTRY=00h-0FFhx32 \
  -ASTRING=00h-0FFhx32 -ABANK0=020h-06Fh -ABANK1=0A0h-0EFh \
  -ABANK2=0110h-016Fh -ABANK3=0190h-01EFh \
  -ARAM=020h-06Fh,0A0h-0EFh,0110h-016Fh,0190h-01EFh \
  -AABS1=020h-07Fh,0A0h-0EFh,0110h-016Fh,0190h-01EFh -ACOMMON=070h-07Fh \
  -ASFR0=00h-01Fh -ASFR1=080h-09Fh -ASFR2=0100h-010Fh -ASFR3=0180h-018Fh \
  -preset_vec=00h,intentry=04h,init,end_init -ppowerup=CODE -pfunctab=CODE \
  -ACONFIG=02007h-02008h -pconfig=CONFIG -DCONFIG=2 -AIDLOC=02000h-02003h \
  -pidloc=IDLOC -DIDLOC=2 -AEEDATA=00h-0FFh/02100h -peeprom_data=EEDATA \
  -DEEDATA=2 -DCODE=2 -DSTRCODE=2 -DSTRING=2 -DCONST=2 -DENTRY=2 -k \
  startup.obj led.obj 

Object code version is 3.10

Machine type is 16F887



                Name                               Link     Load   Length Selector   Space Scale
startup.obj     end_init                              C        C        3        8       0
                reset_vec                             0        0        3        0       0
led.obj         functab                             100      100        9        2       0
                intentry                              4        4        8        8       0
                config                             2007     2007        1     400E       0
                text714                            1357     1357       4D     26AE       0
                text712                            1285     1285       10     250A       0
                text711                             7F2      7F2        E        2       0
                text708                            1406     1406       77     280C       0
                text707                            147D     147D       CC     28FA       0
                text701                            13A4     13A4       62     2748       0
                text699                            12D1     12D1       3E     25A2       0
                text697                             7C6      7C6       2C        2       0
                text696                            130F     130F       48     261E       0
                text691                              DB       DB       1F      1B6       0
                text686                             109      109      3F1        2       0
                text683                            1549     1549      152     2A92       0
                text681                             6EE      6EE       D8        2       0
                text679                             4FA      4FA      1F4        2       0
                text678                             808      808      7F8     1010       0
                text677                            12A5     12A5       15     254A       0
                text676                            1295     1295       10     252A       0
                maintext                           169B     169B      165     2D36       0
                cstackBANK0                          20       20       50       20       1
                cstackCOMMON                         76       76        6       70       1
                cstackBANK1                          A0       A0       30       A0       1
                bssBANK1                             D0       D0        C       A0       1
                bssCOMMON                            70       70        6       70       1
                cinit                              12BA     12BA       17     2574       0
                strings                               F        F       CC       1E       0

TOTAL           Name                               Link     Load   Length     Space
        CLASS   CONST          

        CLASS   CODE           
                end_init                              C        C        3         0
                functab                             100      100        9         0
                intentry                              4        4        8         0
                reset_vec                             0        0        3         0
                text714                            1357     1357       4D         0
                text712                            1285     1285       10         0
                text711                             7F2      7F2        E         0
                text708                            1406     1406       77         0
                text707                            147D     147D       CC         0
                text701                            13A4     13A4       62         0
                text699                            12D1     12D1       3E         0
                text697                             7C6      7C6       2C         0
                text696                            130F     130F       48         0
                text691                              DB       DB       1F         0
                text686                             109      109      3F1         0
                text683                            1549     1549      152         0
                text681                             6EE      6EE       D8         0
                text679                             4FA      4FA      1F4         0
                text678                             808      808      7F8         0
                text677                            12A5     12A5       15         0
                text676                            1295     1295       10         0
                maintext                           169B     169B      165         0
                cinit                              12BA     12BA       17         0

        CLASS   STRCODE        

        CLASS   ENTRY          

        CLASS   STRING         
                strings                               F        F       CC         0

        CLASS   BANK0          
                cstackBANK0                          20       20       50         1

        CLASS   BANK1          
                cstackBANK1                          A0       A0       30         1
                bssBANK1                             D0       D0        C         1

        CLASS   BANK2          

        CLASS   BANK3          

        CLASS   RAM            

        CLASS   ABS1           
                abs_s1                               7E       7E        2         1

        CLASS   COMMON         
                cstackCOMMON                         76       76        6         1
                bssCOMMON                            70       70        6         1

        CLASS   SFR0           

        CLASS   SFR1           

        CLASS   SFR2           

        CLASS   SFR3           

        CLASS   CONFIG         
                config                             2007     2007        1         0

        CLASS   IDLOC          

        CLASS   EEDATA         



SEGMENTS        Name                           Load    Length   Top    Selector   Space  Class     Delta

                reset_vec                      000000  000003  000003         0       0  CODE        2
                intentry                       000004  00000B  00000F         8       0  CODE        2
                strings                        00000F  0000CC  0000DB        1E       0  STRING      2
                cstackBANK0                    000020  000050  000070        20       1  BANK0       1
                bssCOMMON                      000070  00000C  00007C        70       1  COMMON      1
                cstackBANK1                    0000A0  00003C  0000DC        A0       1  BANK1       1
                text691                        0000DB  00001F  0000FA       1B6       0  CODE        2
                functab                        000100  000700  000800         2       0  CODE        2
                text678                        000808  0007F8  001000      1010       0  CODE        2
                text712                        001285  000010  001295      250A       0  CODE        2
                text676                        001295  000010  0012A5      252A       0  CODE        2
                text677                        0012A5  000015  0012BA      254A       0  CODE        2
                cinit                          0012BA  000017  0012D1      2574       0  CODE        2
                text699                        0012D1  00003E  00130F      25A2       0  CODE        2
                text696                        00130F  000048  001357      261E       0  CODE        2
                text714                        001357  00004D  0013A4      26AE       0  CODE        2
                text701                        0013A4  000062  001406      2748       0  CODE        2
                text708                        001406  000077  00147D      280C       0  CODE        2
                text707                        00147D  0000CC  001549      28FA       0  CODE        2
                text683                        001549  000152  00169B      2A92       0  CODE        2
                maintext                       00169B  000165  001800      2D36       0  CODE        2
                config                         002007  000001  002008      400E       0  CONFIG      2


UNUSED ADDRESS RANGES

        Name                Unused          Largest block    Delta
        BANK1            00DC-00EF             14           1
        BANK2            0110-016F             60           1
        BANK3            0190-01EF             60           1
        CODE             0003-0003              1           2
                         00FA-00FF              6
                         0800-0807              8
                         1000-1284            285
                         1800-1FFF            800
        COMMON           007C-007D              2           1
        CONFIG           2008-2008              1           2
        CONST            0003-0003              1           2
                         00FA-00FF              6
                         0800-0807              8
                         1000-1284            100
                         1800-1FFF            100
        EEDATA           2100-21FF            100           2
        ENTRY            0003-0003              1           2
                         00FA-00FF              6
                         0800-0807              8
                         1000-1284            100
                         1800-1FFF            100
        IDLOC            2000-2003              4           2
        RAM              00DC-00EF             14           1
                         0110-016F             60
                         0190-01EF             60
        SFR0             0000-001F             20           1
        SFR1             0080-009F             20           1
        SFR2             0100-010F             10           1
        SFR3             0180-018F             10           1
        STRCODE          0003-0003              1           2
                         00FA-00FF              6
                         0800-0807              8
                         1000-1284            285
                         1800-1FFF            800
        STRING           0003-0003              1           2
                         00FA-00FF              6
                         0800-0807              8
                         1000-1284            100
                         1800-1FFF            100

                                  Symbol Table

??___altoft            cstackBANK0  002C
??___awdiv             cstackBANK0  002A
??___awmod             cstackBANK0  0024
??___bmul              cstackBANK0  002A
??___ftadd             cstackBANK0  0052
??___ftdiv             cstackBANK0  0034
??___ftge              cstackBANK0  0026
??___ftmul             cstackBANK0  0043
??___ftneg             cstackBANK0  0023
??___ftpack            cstackBANK0  0025
??___ftsub             cstackBANK0  005E
??___fttol             cstackBANK0  0032
??___lbdiv             cstackBANK0  0026
??___lbmod             cstackBANK0  0021
??___lldiv             cstackBANK0  0028
??___llmod             cstackBANK0  0035
??___lltoft            cstackBANK0  002C
??___wmul              cstackBANK0  0024
??__div_to_l_          cstackBANK0  0026
??__doprnt             cstackBANK0  0064
??__tdiv_to_l_         cstackBANK0  0026
??_abs                 cstackCOMMON 0078
??_fround              cstackBANK0  005B
??_isdigit             cstackBANK0  0020
??_isprint             cstackBANK0  0020
??_lcd_busy            cstackBANK0  0020
??_lcd_gotoxy          cstackBANK0  0026
??_lcd_init            cstackBANK0  0025
??_lcd_put_byte        cstackBANK0  0021
??_lcd_putc            cstackBANK0  0028
??_main                cstackBANK0  006D
??_ngat                cstackCOMMON 007A
??_printf              cstackBANK0  006D
??_putch               cstackBANK0  0037
??_pwm_10bit           cstackBANK0  0030
??_rx_init             cstackBANK0  0020
??_scale               cstackBANK0  004F
??_send_char           cstackBANK0  0020
??_send_string         cstackBANK0  0021
??_sprintf             cstackBANK0  006D
??_tx_init             cstackBANK0  0020
?___altoft             cstackBANK0  0028
?___awdiv              cstackBANK0  0026
?___awmod              cstackBANK0  0020
?___bmul               cstackBANK0  0029
?___ftadd              cstackBANK0  004C
?___ftdiv              cstackBANK0  002E
?___ftge               cstackBANK0  0020
?___ftmul              cstackBANK0  003D
?___ftneg              cstackBANK0  0020
?___ftpack             cstackBANK0  0020
?___ftsub              cstackBANK0  0058
?___fttol              cstackBANK0  002E
?___lbdiv              cstackBANK0  0025
?___lbmod              cstackBANK0  0020
?___lldiv              cstackBANK0  0020
?___llmod              cstackBANK0  002D
?___lltoft             cstackBANK0  0028
?___wmul               cstackBANK0  0020
?__div_to_l_           cstackBANK0  0020
?__doprnt              cstackBANK0  0062
?__tdiv_to_l_          cstackBANK0  0020
?_abs                  cstackCOMMON 0076
?_fround               cstackBANK0  0058
?_isdigit              cstackCOMMON 0076
?_isprint              cstackCOMMON 0076
?_lcd_busy             cstackCOMMON 0076
?_lcd_gotoxy           cstackBANK0  0025
?_lcd_init             cstackCOMMON 0076
?_lcd_put_byte         cstackBANK0  0020
?_lcd_putc             cstackCOMMON 0076
?_main                 cstackCOMMON 0076
?_ngat                 cstackCOMMON 0076
?_printf               cstackBANK0  0069
?_putch                cstackBANK0  0036
?_pwm_10bit            cstackBANK0  002E
?_rx_init              cstackCOMMON 0076
?_scale                cstackBANK0  004C
?_send_char            cstackCOMMON 0076
?_send_string          cstackCOMMON 0076
?_sprintf              cstackBANK0  0069
?_tx_init              cstackCOMMON 0076
_ANSEL                 (abs)        0188
_ANSELH                (abs)        0189
_BRG16                 (abs)        0C3B
_BRGH                  (abs)        04C2
_CCP1CON               (abs)        0017
_CCPR1L                (abs)        0015
_CREN                  (abs)        00C4
_DC1B0                 (abs)        00BC
_DC1B1                 (abs)        00BD
_GIE                   (abs)        005F
_PR2                   (abs)        0092
_PS0                   (abs)        0408
_PS1                   (abs)        0409
_PS2                   (abs)        040A
_PSA                   (abs)        040B
_RA3                   (abs)        002B
_RA4                   (abs)        002C
_RCIF                  (abs)        0065
_RCREG                 (abs)        001A
_RD1                   (abs)        0041
_RD2                   (abs)        0042
_RD3                   (abs)        0043
_RD4                   (abs)        0044
_RD5                   (abs)        0045
_RD6                   (abs)        0046
_RD7                   (abs)        0047
_RX9                   (abs)        00C6
_SPBRG                 (abs)        0099
_SPBRGH                (abs)        009A
_SPEN                  (abs)        00C7
_SYNC                  (abs)        04C4
_T0CS                  (abs)        040D
_T0IE                  (abs)        005D
_T0IF                  (abs)        005A
_T1CKPS0               (abs)        0084
_T1CKPS1               (abs)        0085
_T1SYNC                (abs)        0082
_T2CKPS0               (abs)        0090
_T2CKPS1               (abs)        0091
_TMR0                  (abs)        0001
_TMR1                  (abs)        000E
_TMR1CS                (abs)        0081
_TMR1GE                (abs)        0086
_TMR1ON                (abs)        0080
_TMR2                  (abs)        0011
_TMR2ON                (abs)        0092
_TRISA3                (abs)        042B
_TRISA4                (abs)        042C
_TRISC0                (abs)        0438
_TRISC2                (abs)        043A
_TRISD1                (abs)        0441
_TRISD2                (abs)        0442
_TRISD3                (abs)        0443
_TRISD4                (abs)        0444
_TRISD5                (abs)        0445
_TRISD6                (abs)        0446
_TRISD7                (abs)        0447
_TX9                   (abs)        04C6
_TXEN                  (abs)        04C5
_TXIF                  (abs)        0064
_TXREG                 (abs)        0019
__Habs1                abs1         0000
__Hbank0               bank0        0000
__Hbank1               bank1        0000
__Hbank2               bank2        0000
__Hbank3               bank3        0000
__HbssBANK1            bssBANK1     0000
__HbssCOMMON           bssCOMMON    0000
__Hcinit               cinit        0000
__Hclrtext             clrtext      0000
__Hcode                code         0000
__Hcommon              common       0000
__Hconfig              config       2008
__HcstackBANK0         cstackBANK0  0000
__HcstackBANK1         cstackBANK1  0000
__HcstackCOMMON        cstackCOMMON 0000
__Heeprom_data         eeprom_data  0000
__Hend_init            end_init     000F
__Hfunctab             functab      0109
__Hidloc               idloc        0000
__Hinit                init         000C
__Hintentry            intentry     000C
__Hmaintext            maintext     0000
__Hpa_nodes            pa_nodes     0000
__Hpowerup             powerup      0000
__Hram                 ram          0000
__Hreset_vec           reset_vec    0003
__Hsfr0                sfr0         0000
__Hsfr1                sfr1         0000
__Hsfr2                sfr2         0000
__Hsfr3                sfr3         0000
__Hstrings             strings      0000
__Htext                text         0000
__Labs1                abs1         0000
__Lbank0               bank0        0000
__Lbank1               bank1        0000
__Lbank2               bank2        0000
__Lbank3               bank3        0000
__LbssBANK1            bssBANK1     0000
__LbssCOMMON           bssCOMMON    0000
__Lcinit               cinit        0000
__Lclrtext             clrtext      0000
__Lcode                code         0000
__Lcommon              common       0000
__Lconfig              config       2007
__LcstackBANK0         cstackBANK0  0000
__LcstackBANK1         cstackBANK1  0000
__LcstackCOMMON        cstackCOMMON 0000
__Leeprom_data         eeprom_data  0000
__Lend_init            end_init     000C
__Lfunctab             functab      0100
__Lidloc               idloc        0000
__Linit                init         000C
__Lintentry            intentry     0004
__Lmaintext            maintext     0000
__Lpa_nodes            pa_nodes     0000
__Lpowerup             powerup      0000
__Lram                 ram          0000
__Lreset_vec           reset_vec    0000
__Lsfr0                sfr0         0000
__Lsfr1                sfr1         0000
__Lsfr2                sfr2         0000
__Lsfr3                sfr3         0000
__Lstrings             strings      0000
__Ltext                text         0000
__S0                   (abs)        2008
__S1                   (abs)        00DC
__S2                   (abs)        0000
___altoft              text686      013B
___altoft@c            cstackBANK0  0028
___altoft@exp          cstackBANK0  002C
___altoft@sign         cstackBANK0  002D
___awdiv               text686      0364
___awdiv@counter       cstackBANK0  002A
___awdiv@dividend      cstackBANK0  0028
___awdiv@divisor       cstackBANK0  0026
___awdiv@quotient      cstackBANK0  002C
___awdiv@sign          cstackBANK0  002B
___awmod               text686      03A9
___awmod@counter       cstackBANK0  0024
___awmod@dividend      cstackBANK0  0022
___awmod@divisor       cstackBANK0  0020
___awmod@sign          cstackBANK0  0025
___bmul                text686      0455
___bmul@multiplicand   cstackBANK0  0029
___bmul@multiplier     cstackBANK0  002B
___bmul@product        cstackBANK0  002A
___ftadd               text681      0704
___ftadd@exp1          cstackBANK0  0057
___ftadd@exp2          cstackBANK0  0056
___ftadd@f1            cstackBANK0  004C
___ftadd@f2            cstackBANK0  004F
___ftadd@sign          cstackBANK0  0055
___ftdiv               text686      016A
___ftdiv@cntr          cstackBANK0  0037
___ftdiv@exp           cstackBANK0  003B
___ftdiv@f1            cstackBANK0  0031
___ftdiv@f2            cstackBANK0  002E
___ftdiv@f3            cstackBANK0  0038
___ftdiv@sign          cstackBANK0  003C
___ftge                text697      07C6
___ftge@ff1            cstackBANK0  0020
___ftge@ff2            cstackBANK0  0023
___ftmul               text686      03E6
___ftmul@cntr          cstackBANK0  004A
___ftmul@exp           cstackBANK0  0046
___ftmul@f1            cstackBANK0  003D
___ftmul@f2            cstackBANK0  0040
___ftmul@f3_as_product cstackBANK0  0047
___ftmul@sign          cstackBANK0  004B
___ftneg               text678      0FF8
___ftneg@f1            cstackBANK0  0020
___ftpack              text686      0463
___ftpack@arg          cstackBANK0  0020
___ftpack@exp          cstackBANK0  0023
___ftpack@sign         cstackBANK0  0024
___ftsub               text681      06EE
___ftsub@f1            cstackBANK0  005B
___ftsub@f2            cstackBANK0  0058
___fttol               text701      13A4
___fttol@exp1          cstackBANK0  003A
___fttol@f1            cstackBANK0  002E
___fttol@lval          cstackBANK0  0036
___fttol@sign1         cstackBANK0  0035
___lbdiv               text683      164E
___lbdiv@counter       cstackBANK0  0027
___lbdiv@dividend      cstackBANK0  0026
___lbdiv@divisor       cstackBANK0  0025
___lbdiv@quotient      cstackBANK0  0028
___lbmod               text683      1669
___lbmod@counter       cstackBANK0  0023
___lbmod@dividend      cstackBANK0  0022
___lbmod@divisor       cstackBANK0  0020
___lbmod@rem           cstackBANK0  0024
___lldiv               text696      130F
___lldiv@counter       cstackBANK0  002C
___lldiv@dividend      cstackBANK0  0024
___lldiv@divisor       cstackBANK0  0020
___lldiv@quotient      cstackBANK0  0028
___llmod               text699      12D1
___llmod@counter       cstackBANK0  0035
___llmod@dividend      cstackBANK0  0031
___llmod@divisor       cstackBANK0  002D
___lltoft              text686      0109
___lltoft@c            cstackBANK0  0028
___lltoft@exp          cstackBANK0  002C
___wmul                text678      0FDF
___wmul@multiplicand   cstackBANK0  0022
___wmul@multiplier     cstackBANK0  0020
___wmul@product        cstackBANK0  0024
__div_to_l_            text707      147D
__div_to_l_@cntr       cstackBANK0  0032
__div_to_l_@exp1       cstackBANK0  0033
__div_to_l_@f1         cstackBANK0  0020
__div_to_l_@f2         cstackBANK0  0023
__div_to_l_@quot       cstackBANK0  002E
__doprnt               text678      0808
__doprnt$3212          cstackBANK1  00A0
__doprnt@_val          cstackBANK1  00AD
__doprnt@ap            cstackBANK0  0063
__doprnt@c             cstackBANK1  00B6
__doprnt@exp           cstackBANK1  00A9
__doprnt@f             cstackBANK0  0062
__doprnt@flag          cstackBANK1  00A7
__doprnt@fval          cstackBANK1  00B1
__doprnt@integ         cstackBANK1  00A4
__doprnt@pb            cstackBANK1  00B7
__doprnt@prec          cstackBANK1  00B4
__doprnt@width         cstackBANK1  00AB
__end_of___altoft      text686      016A
__end_of___awdiv       text686      03A9
__end_of___awmod       text686      03E6
__end_of___bmul        text686      0463
__end_of___ftadd       text681      07C6
__end_of___ftdiv       text686      01D2
__end_of___ftge        text697      07F2
__end_of___ftmul       text686      0455
__end_of___ftneg       text678      1000
__end_of___ftpack      text686      04A1
__end_of___ftsub       text681      0704
__end_of___fttol       text701      13FF
__end_of___lbdiv       text683      1669
__end_of___lbmod       text683      1685
__end_of___lldiv       text696      1357
__end_of___llmod       text699      130F
__end_of___lltoft      text686      0127
__end_of___wmul        text678      0FF8
__end_of__div_to_l_    text707      153C
__end_of__doprnt       text678      0EF1
__end_of__tdiv_to_l_   text708      147D
__end_of_abs           text714      13A4
__end_of_fround        text683      164E
__end_of_isdigit       text678      0FDC
__end_of_isprint       text679      06E9
__end_of_lcd_busy      text679      06DB
__end_of_lcd_gotoxy    text679      0515
__end_of_lcd_init      text679      0605
__end_of_lcd_put_byte  text679      06B0
__end_of_lcd_putc      text679      0544
__end_of_main          maintext     1800
__end_of_ngat          text714      1396
__end_of_printf        text676      12A5
__end_of_putch         text679      04FD
__end_of_pwm_10bit     text686      013B
__end_of_rx_init       text711      0800
__end_of_scale         text686      0364
__end_of_send_char     text691      00FA
__end_of_send_string   text691      00F4
__end_of_sprintf       text677      12BA
__end_of_tx_init       text712      1295
__npowers_             strings      0015
__pbssBANK1            bssBANK1     00D0
__pbssCOMMON           bssCOMMON    0070
__pcstackBANK0         cstackBANK0  0020
__pcstackBANK1         cstackBANK1  00A0
__pcstackCOMMON        cstackCOMMON 0076
__pfunctab             functab      0100
__pintentry            intentry     0004
__pmaintext            maintext     169B
__powers_              strings      003C
__pstrings             strings      000F
__ptext676             text676      1295
__ptext677             text677      12A5
__ptext678             text678      0808
__ptext679             text679      04FA
__ptext680             text679      0515
__ptext681             text681      06EE
__ptext682             text686      01D2
__ptext683             text683      1549
__ptext684             text679      04FD
__ptext685             text679      0544
__ptext686             text686      0109
__ptext687             text686      013B
__ptext688             text686      03E6
__ptext689             text686      016A
__ptext690             text681      0704
__ptext691             text691      00DB
__ptext692             text686      0127
__ptext693             text679      06B0
__ptext694             text679      0605
__ptext695             text686      03A9
__ptext696             text696      130F
__ptext697             text697      07C6
__ptext698             text678      0FF8
__ptext699             text699      12D1
__ptext700             text686      0364
__ptext701             text701      13A4
__ptext702             text686      0463
__ptext703             text683      1669
__ptext704             text683      164E
__ptext705             text678      0FDF
__ptext706             text686      0455
__ptext707             text707      147D
__ptext708             text708      1406
__ptext709             text678      0FCE
__ptext710             text691      00F4
__ptext711             text711      07F2
__ptext712             text712      1285
__ptext713             text679      06DB
__ptext714             text714      1357
__ptext715             text714      1396
__size_of___altoft     (abs)        0000
__size_of___awdiv      (abs)        0000
__size_of___awmod      (abs)        0000
__size_of___bmul       (abs)        0000
__size_of___ftadd      (abs)        0000
__size_of___ftdiv      (abs)        0000
__size_of___ftge       (abs)        0000
__size_of___ftmul      (abs)        0000
__size_of___ftneg      (abs)        0000
__size_of___ftpack     (abs)        0000
__size_of___ftsub      (abs)        0000
__size_of___fttol      (abs)        0000
__size_of___lbdiv      (abs)        0000
__size_of___lbmod      (abs)        0000
__size_of___lldiv      (abs)        0000
__size_of___llmod      (abs)        0000
__size_of___lltoft     (abs)        0000
__size_of___wmul       (abs)        0000
__size_of__div_to_l_   (abs)        0000
__size_of__doprnt      (abs)        0000
__size_of__tdiv_to_l_  (abs)        0000
__size_of_abs          (abs)        0000
__size_of_fround       (abs)        0000
__size_of_isdigit      (abs)        0000
__size_of_isprint      (abs)        0000
__size_of_lcd_busy     (abs)        0000
__size_of_lcd_gotoxy   (abs)        0000
__size_of_lcd_init     (abs)        0000
__size_of_lcd_put_byte (abs)        0000
__size_of_lcd_putc     (abs)        0000
__size_of_main         (abs)        0000
__size_of_ngat         (abs)        0000
__size_of_printf       (abs)        0000
__size_of_putch        (abs)        0000
__size_of_pwm_10bit    (abs)        0000
__size_of_rx_init      (abs)        0000
__size_of_scale        (abs)        0000
__size_of_send_char    (abs)        0000
__size_of_send_string  (abs)        0000
__size_of_sprintf      (abs)        0000
__size_of_tx_init      (abs)        0000
__tdiv_to_l_           text708      1406
__tdiv_to_l_@cntr      cstackBANK0  002D
__tdiv_to_l_@exp1      cstackBANK0  002E
__tdiv_to_l_@f1        cstackBANK0  0020
__tdiv_to_l_@f2        cstackBANK0  0023
__tdiv_to_l_@quot      cstackBANK0  0029
_abs                   text714      1396
_dem                   bssCOMMON    0074
_dpowers               strings      0063
_exit                  init         000C
_fround                text683      1549
_fround$4215           cstackBANK0  005E
_fround$4216           cstackBANK0  005B
_isdigit               text678      0FCE
_isdigit$3722          cstackBANK0  0020
_isprint               text679      06DB
_isprint$3725          cstackBANK0  0020
_lcd_busy              text679      06B0
_lcd_gotoxy            text679      04FD
_lcd_init              text679      0544
_lcd_put_byte          text679      0605
_lcd_putc              text679      0515
_main                  maintext     169B
_ngat                  text714      1357
_printf                text676      1295
_putch                 text679      04FA
_pwm_10bit             text686      0127
_pwm_dem               bssBANK1     00D0
_rx_data               bssBANK1     00D7
_rx_init               text711      07F2
_scale                 text686      01D2
_scale$4217            cstackBANK0  0053
_send_char             text691      00F4
_send_string           text691      00DB
_sprintf               text677      12A5
_tx_init               text712      1285
_v                     bssBANK1     00D4
_xung                  bssBANK1     00D8
_xung_old              bssCOMMON    0070
abs@a                  cstackCOMMON 0076
btemp                  (abs)        007E
end_of_initialization  cinit        12CD
fpbase                 functab      0105
fptable                functab      0100
fptotal                (abs)        0002
fround@prec            cstackBANK0  0061
i1l2178                                 
i1l6597                                 
i1l6601                                 
i1l6605                                 
i1l6607                                 
i1l6615                                 
i1l6617                                 
interrupt_function     intentry     0004
intlevel0              functab      0100
intlevel1              functab      0100
intlevel2              functab      0100
intlevel3              functab      0100
intlevel4              functab      0100
intlevel5              functab      0100
isdigit@c              cstackBANK0  0021
isprint@c              cstackBANK0  0021
l1056                                   
l1059                                   
l1067                                   
l1090                                   
l2189                                   
l2195                                   
l2198                                   
l2201                                   
l2204                                   
l2366                                   
l3355                                   
l3360                                   
l3373                                   
l3380                                   
l3386                                   
l3392                                   
l3422                                   
l3428                                   
l3472                                   
l3539                                   
l3549                                   
l3553                                   
l3568                                   
l3607                                   
l3621                                   
l3629                                   
l3637                                   
l3680                                   
l6557                                   
l6559                                   
l6569                                   
l6571                                   
l6573                                   
l6575                                   
l6577                                   
l6579                                   
l6581                                   
l6583                                   
l6585                                   
l6587                                   
l6589                                   
l6591                                   
l6593                                   
l6595                                   
l6623                                   
l6627                                   
l6629                                   
l6639                                   
l6647                                   
l6649                                   
l6651                                   
l6653                                   
l6655                                   
l6659                                   
l6663                                   
l6667                                   
l6675                                   
l6687                                   
l6697                                   
l6699                                   
l6701                                   
l6703                                   
l6707                                   
l6711                                   
l6713                                   
l6721                                   
l6733                                   
l6741                                   
l6743                                   
l6749                                   
l6757                                   
l6759                                   
l6765                                   
l6767                                   
l6769                                   
l6775                                   
l6779                                   
l6783                                   
l6789                                   
l6791                                   
l6795                                   
l6797                                   
l6803                                   
l6807                                   
l6809                                   
l6829                                   
l6831                                   
l6833                                   
l6835                                   
l6841                                   
l6843                                   
l6845                                   
l6847                                   
l6849                                   
l6857                                   
l6867                                   
l6873                                   
l6875                                   
l6879                                   
l6885                                   
l6889                                   
l6899                                   
l6903                                   
l6907                                   
l6911                                   
l6917                                   
l6931                                   
l6937                                   
l6945                                   
l6955                                   
l6957                                   
l6965                                   
l6967                                   
l6977                                   
l6981                                   
l6985                                   
l6991                                   
l6993                                   
l6997                                   
l7017                                   
l7021                                   
l7027                                   
l7029                                   
l7031                                   
l7035                                   
l7037                                   
l7039                                   
l7047                                   
l7049                                   
l7051                                   
l7059                                   
l7061                                   
l7063                                   
l7065                                   
l7067                                   
l7069                                   
l7071                                   
l7073                                   
l7077                                   
l7079                                   
l7081                                   
l7087                                   
l7091                                   
l7095                                   
l7097                                   
l7099                                   
l7109                                   
l7115                                   
l7121                                   
l7123                                   
l7127                                   
l7139                                   
l7149                                   
l7155                                   
l7159                                   
l7161                                   
l7165                                   
l7167                                   
l7173                                   
l7185                                   
l7187                                   
l7189                                   
l7191                                   
l7193                                   
l7195                                   
l7197                                   
l7199                                   
l7201                                   
l7207                                   
l7211                                   
l7213                                   
l7217                                   
l7231                                   
l7233                                   
l7235                                   
l7237                                   
l7239                                   
l7241                                   
l7243                                   
l7245                                   
l7253                                   
l7255                                   
l7257                                   
l7265                                   
l7267                                   
l7269                                   
l7273                                   
l7275                                   
l7277                                   
l7289                                   
l7299                                   
l7301                                   
l7303                                   
l7305                                   
l7307                                   
l7309                                   
l7337                                   
l7339                                   
l7345                                   
l7349                                   
l7353                                   
l7363                                   
l7371                                   
l7375                                   
l7411                                   
l7413                                   
l7417                                   
l7435                                   
l7437                                   
l7447                                   
l7451                                   
l7463                                   
l7465                                   
l7471                                   
l7473                                   
l7477                                   
l7483                                   
l7497                                   
l7501                                   
l7505                                   
l7509                                   
l7511                                   
l7513                                   
l7515                                   
l7517                                   
l7519                                   
l7525                                   
l7527                                   
l7557                                   
l7559                                   
l7561                                   
l7565                                   
l7579                                   
l7583                                   
l7601                                   
l7613                                   
l7645                                   
l7657                                   
l7663                                   
l7673                                   
l7685                                   
l7693                                   
l7697                                   
l7717                                   
l7757                                   
l7767                                   
l7779                                   
l7795                                   
l7811                                   
l7813                                   
l7815                                   
l7817                                   
l7819                                   
l7823                                   
l7825                                   
l7827                                   
l7829                                   
l7833                                   
l7835                                   
l7837                                   
l7839                                   
l7841                                   
l7843                                   
l7845                                   
l7847                                   
l7849                                   
l7851                                   
l7853                                   
l7855                                   
l7857                                   
l7859                                   
l7861                                   
l7863                                   
l7865                                   
l7867                                   
l7869                                   
l7871                                   
l7873                                   
l7875                                   
l7877                                   
l7879                                   
l7881                                   
l7883                                   
l7885                                   
l7887                                   
l7889                                   
l7891                                   
l7893                                   
l7895                                   
l7901                                   
l7913                                   
l7919                                   
l7923                                   
l7925                                   
l7929                                   
l7931                                   
l7943                                   
l7945                                   
l7947                                   
lcd_busy@busy          cstackBANK0  0021
lcd_gotoxy@address     cstackBANK0  0027
lcd_gotoxy@col         cstackBANK0  0026
lcd_gotoxy@row         cstackBANK0  0025
lcd_put_byte@b         cstackBANK0  0020
lcd_put_byte@rs        cstackBANK0  0023
lcd_put_byte@temp      cstackBANK0  0024
lcd_putc@c             cstackBANK0  0028
main@data              cstackBANK1  00BC
printf@ap              cstackBANK1  00B9
printf@f               cstackBANK1  00B8
printf@pb              cstackBANK1  00BA
putch@c                cstackBANK0  0036
pwm_10bit@data_pwm     cstackBANK0  002E
reset_vec              reset_vec    0000
saved_w                (abs)        007E
scale@scl              cstackBANK0  0056
send_char@data         cstackBANK0  0020
send_string@s          cstackBANK0  0021
sprintf@ap             cstackBANK1  00B9
sprintf@f              cstackBANK0  0069
sprintf@pb             cstackBANK1  00BA
sprintf@wh             cstackBANK1  00B8
start                  init         000C
start_initialization   cinit        12BA
u2770                                   
u3940                                   
wtemp0                 (abs)        007E
