HI-TECH Software C Compiler 

Linker command line:

--edf=C:\Program Files (x86)\HI-TECH Software\PICC\9.83\dat\en_msgs.txt -cs \
  -h+banphim.sym -z -Q16F887 -ol.obj -Mbanphim.map -E1 -ACONST=00h-0FFhx32 \
  -ACODE=00h-07FFhx4 -ASTRCODE=00h-01FFFh -AENTRY=00h-0FFhx32 \
  -ASTRING=00h-0FFhx32 -ABANK0=020h-06Fh -ABANK1=0A0h-0EFh \
  -ABANK2=0110h-016Fh -ABANK3=0190h-01EFh \
  -ARAM=020h-06Fh,0A0h-0EFh,0110h-016Fh,0190h-01EFh \
  -AABS1=020h-07Fh,0A0h-0EFh,0110h-016Fh,0190h-01EFh -ACOMMON=070h-07Fh \
  -ASFR0=00h-01Fh -ASFR1=080h-09Fh -ASFR2=0100h-010Fh -ASFR3=0180h-018Fh \
  -preset_vec=00h,intentry=04h,init,end_init -ppowerup=CODE -pfunctab=CODE \
  -ACONFIG=02007h-02008h -pconfig=CONFIG -DCONFIG=2 -AIDLOC=02000h-02003h \
  -pidloc=IDLOC -DIDLOC=2 -AEEDATA=00h-0FFh/02100h -peeprom_data=EEDATA \
  -DEEDATA=2 -DCODE=2 -DSTRCODE=2 -DSTRING=2 -DCONST=2 -DENTRY=2 -k \
  startup.obj banphim.obj 

Object code version is 3.10

Machine type is 16F887



                Name                               Link     Load   Length Selector   Space Scale
startup.obj     end_init                              C        C        3        8       0
                reset_vec                             0        0        3        0       0
banphim.obj     functab                             100      100        9        2       0
                intentry                              4        4        8        8       0
                config                             2007     2007        1     400E       0
                text680                            147D     147D       44     28FA       0
                text678                            13C1     13C1        F     2782       0
                text675                            156B     156B       77     2AD6       0
                text674                            15E2     15E2       CC     2BC4       0
                text668                            1509     1509       62     2A12       0
                text666                            143F     143F       3E     287E       0
                text664                            1413     1413       2C     2826       0
                text663                            14C1     14C1       48     2982       0
                text658                            13F5     13F5       1E     27EA       0
                text653                             109      109      3F1        2       0
                text650                            16AE     16AE      152     2D5C       0
                text648                               F        F       D8        8       0
                text646                             4FA      4FA      1F4        2       0
                text645                             808      808      7F8     1010       0
                text644                            13E0     13E0       15     27C0       0
                text643                            13D0     13D0       10     27A0       0
                maintext                            6EE      6EE      10F        2       0
                cstackBANK0                          20       20       4D       20       1
                cstackCOMMON                         76       76        6       70       1
                cstackBANK1                          A0       A0       26       A0       1
                bssBANK1                             C6       C6        B       A0       1
                bssCOMMON                            70       70        6       70       1
                cinit                                E7       E7       16        8       0
                strings                            1000     1000       A1     2000       0

TOTAL           Name                               Link     Load   Length     Space
        CLASS   CONST          

        CLASS   CODE           
                end_init                              C        C        3         0
                functab                             100      100        9         0
                intentry                              4        4        8         0
                reset_vec                             0        0        3         0
                text680                            147D     147D       44         0
                text678                            13C1     13C1        F         0
                text675                            156B     156B       77         0
                text674                            15E2     15E2       CC         0
                text668                            1509     1509       62         0
                text666                            143F     143F       3E         0
                text664                            1413     1413       2C         0
                text663                            14C1     14C1       48         0
                text658                            13F5     13F5       1E         0
                text653                             109      109      3F1         0
                text650                            16AE     16AE      152         0
                text648                               F        F       D8         0
                text646                             4FA      4FA      1F4         0
                text645                             808      808      7F8         0
                text644                            13E0     13E0       15         0
                text643                            13D0     13D0       10         0
                maintext                            6EE      6EE      10F         0
                cinit                                E7       E7       16         0

        CLASS   STRCODE        

        CLASS   ENTRY          

        CLASS   STRING         
                strings                            1000     1000       A1         0

        CLASS   BANK0          
                cstackBANK0                          20       20       4D         1

        CLASS   BANK1          
                cstackBANK1                          A0       A0       26         1
                bssBANK1                             C6       C6        B         1

        CLASS   BANK2          

        CLASS   BANK3          

        CLASS   RAM            

        CLASS   ABS1           
                abs_s1                               7E       7E        2         1

        CLASS   COMMON         
                cstackCOMMON                         76       76        6         1
                bssCOMMON                            70       70        6         1

        CLASS   SFR0           

        CLASS   SFR1           

        CLASS   SFR2           

        CLASS   SFR3           

        CLASS   CONFIG         
                config                             2007     2007        1         0

        CLASS   IDLOC          

        CLASS   EEDATA         



SEGMENTS        Name                           Load    Length   Top    Selector   Space  Class     Delta

                reset_vec                      000000  000003  000003         0       0  CODE        2
                intentry                       000004  0000F9  0000FD         8       0  CODE        2
                cstackBANK0                    000020  00004D  00006D        20       1  BANK0       1
                bssCOMMON                      000070  00000C  00007C        70       1  COMMON      1
                cstackBANK1                    0000A0  000031  0000D1        A0       1  BANK1       1
                functab                        000100  0006FD  0007FD         2       0  CODE        2
                text645                        000808  0007F8  001000      1010       0  CODE        2
                strings                        001000  0000A1  0010A1      2000       0  STRING      2
                text678                        0013C1  00000F  0013D0      2782       0  CODE        2
                text643                        0013D0  000010  0013E0      27A0       0  CODE        2
                text644                        0013E0  000015  0013F5      27C0       0  CODE        2
                text658                        0013F5  00001E  001413      27EA       0  CODE        2
                text664                        001413  00002C  00143F      2826       0  CODE        2
                text666                        00143F  00003E  00147D      287E       0  CODE        2
                text680                        00147D  000044  0014C1      28FA       0  CODE        2
                text663                        0014C1  000048  001509      2982       0  CODE        2
                text668                        001509  000062  00156B      2A12       0  CODE        2
                text675                        00156B  000077  0015E2      2AD6       0  CODE        2
                text674                        0015E2  0000CC  0016AE      2BC4       0  CODE        2
                text650                        0016AE  000152  001800      2D5C       0  CODE        2
                config                         002007  000001  002008      400E       0  CONFIG      2


UNUSED ADDRESS RANGES

        Name                Unused          Largest block    Delta
        BANK0            006D-006F              3           1
        BANK1            00D1-00EF             1F           1
        BANK2            0110-016F             60           1
        BANK3            0190-01EF             60           1
        CODE             0003-0003              1           2
                         00FD-00FF              3
                         07FD-0807              3
                         10A1-13C0            320
                         1800-1FFF            800
        COMMON           007C-007D              2           1
        CONFIG           2008-2008              1           2
        CONST            0003-0003              1           2
                         00FD-00FF              3
                         07FD-0807              3
                         10A1-13C0            100
                         1800-1FFF            100
        EEDATA           2100-21FF            100           2
        ENTRY            0003-0003              1           2
                         00FD-00FF              3
                         07FD-0807              3
                         10A1-13C0            100
                         1800-1FFF            100
        IDLOC            2000-2003              4           2
        RAM              006D-006F              3           1
                         00D1-00EF             1F
                         0110-016F             60
                         0190-01EF             60
        SFR0             0000-001F             20           1
        SFR1             0080-009F             20           1
        SFR2             0100-010F             10           1
        SFR3             0180-018F             10           1
        STRCODE          0003-0003              1           2
                         00FD-00FF              3
                         07FD-0807              B
                         10A1-13C0            320
                         1800-1FFF            800
        STRING           0003-0003              1           2
                         00FD-00FF              3
                         07FD-0807              3
                         10A1-13C0            100
                         1800-1FFF            100

                                  Symbol Table

??___altoft            cstackBANK0  002C
??___awdiv             cstackBANK0  002A
??___awmod             cstackBANK0  0024
??___bmul              cstackBANK0  002A
??___ftadd             cstackBANK0  0052
??___ftdiv             cstackBANK0  0034
??___ftge              cstackBANK0  0026
??___ftmul             cstackBANK0  0043
??___ftneg             cstackBANK0  0023
??___ftpack            cstackBANK0  0025
??___ftsub             cstackBANK0  005E
??___fttol             cstackBANK0  0032
??___lbdiv             cstackBANK0  0026
??___lbmod             cstackBANK0  0021
??___lldiv             cstackBANK0  0028
??___llmod             cstackBANK0  0035
??___lltoft            cstackBANK0  002C
??___wmul              cstackBANK0  0024
??__div_to_l_          cstackBANK0  0026
??__doprnt             cstackBANK0  0064
??__tdiv_to_l_         cstackBANK0  0026
??_abs                 cstackCOMMON 0078
??_fround              cstackBANK0  005B
??_isdigit             cstackBANK0  0020
??_isprint             cstackBANK0  0020
??_lcd_busy            cstackBANK0  0020
??_lcd_gotoxy          cstackBANK0  0026
??_lcd_init            cstackBANK0  0025
??_lcd_put_byte        cstackBANK0  0021
??_lcd_putc            cstackBANK0  0028
??_main                cstackBANK0  006D
??_ngat                cstackCOMMON 007A
??_printf              cstackBANK0  006D
??_putch               cstackBANK0  0037
??_pwm_10bit           cstackBANK0  0030
??_scale               cstackBANK0  004F
??_send_char           cstackBANK0  0020
??_send_string         cstackBANK0  0021
??_sprintf             cstackBANK0  006D
??_tx_init             cstackBANK0  0020
?___altoft             cstackBANK0  0028
?___awdiv              cstackBANK0  0026
?___awmod              cstackBANK0  0020
?___bmul               cstackBANK0  0029
?___ftadd              cstackBANK0  004C
?___ftdiv              cstackBANK0  002E
?___ftge               cstackBANK0  0020
?___ftmul              cstackBANK0  003D
?___ftneg              cstackBANK0  0020
?___ftpack             cstackBANK0  0020
?___ftsub              cstackBANK0  0058
?___fttol              cstackBANK0  002E
?___lbdiv              cstackBANK0  0025
?___lbmod              cstackBANK0  0020
?___lldiv              cstackBANK0  0020
?___llmod              cstackBANK0  002D
?___lltoft             cstackBANK0  0028
?___wmul               cstackBANK0  0020
?__div_to_l_           cstackBANK0  0020
?__doprnt              cstackBANK0  0062
?__tdiv_to_l_          cstackBANK0  0020
?_abs                  cstackCOMMON 0076
?_fround               cstackBANK0  0058
?_isdigit              cstackCOMMON 0076
?_isprint              cstackCOMMON 0076
?_lcd_busy             cstackCOMMON 0076
?_lcd_gotoxy           cstackBANK0  0025
?_lcd_init             cstackCOMMON 0076
?_lcd_put_byte         cstackBANK0  0020
?_lcd_putc             cstackCOMMON 0076
?_main                 cstackCOMMON 0076
?_ngat                 cstackCOMMON 0076
?_printf               cstackBANK0  0069
?_putch                cstackBANK0  0036
?_pwm_10bit            cstackBANK0  002E
?_scale                cstackBANK0  004C
?_send_char            cstackCOMMON 0076
?_send_string          cstackCOMMON 0076
?_sprintf              cstackBANK0  0069
?_tx_init              cstackCOMMON 0076
_ANSEL                 (abs)        0188
_ANSELH                (abs)        0189
_BRG16                 (abs)        0C3B
_BRGH                  (abs)        04C2
_CCP1CON               (abs)        0017
_CCPR1L                (abs)        0015
_DC1B0                 (abs)        00BC
_DC1B1                 (abs)        00BD
_GIE                   (abs)        005F
_PR2                   (abs)        0092
_PS0                   (abs)        0408
_PS1                   (abs)        0409
_PS2                   (abs)        040A
_PSA                   (abs)        040B
_RD1                   (abs)        0041
_RD2                   (abs)        0042
_RD3                   (abs)        0043
_RD4                   (abs)        0044
_RD5                   (abs)        0045
_RD6                   (abs)        0046
_RD7                   (abs)        0047
_SPBRG                 (abs)        0099
_SPBRGH                (abs)        009A
_SPEN                  (abs)        00C7
_SYNC                  (abs)        04C4
_T0CS                  (abs)        040D
_T0IE                  (abs)        005D
_T0IF                  (abs)        005A
_T1CKPS0               (abs)        0084
_T1CKPS1               (abs)        0085
_T1SYNC                (abs)        0082
_T2CKPS0               (abs)        0090
_T2CKPS1               (abs)        0091
_TMR0                  (abs)        0001
_TMR1                  (abs)        000E
_TMR1CS                (abs)        0081
_TMR1GE                (abs)        0086
_TMR1ON                (abs)        0080
_TMR2                  (abs)        0011
_TMR2ON                (abs)        0092
_TRISC0                (abs)        0438
_TRISC2                (abs)        043A
_TRISD1                (abs)        0441
_TRISD2                (abs)        0442
_TRISD3                (abs)        0443
_TRISD4                (abs)        0444
_TRISD5                (abs)        0445
_TRISD6                (abs)        0446
_TRISD7                (abs)        0447
_TX9                   (abs)        04C6
_TXEN                  (abs)        04C5
_TXIF                  (abs)        0064
_TXREG                 (abs)        0019
__Habs1                abs1         0000
__Hbank0               bank0        0000
__Hbank1               bank1        0000
__Hbank2               bank2        0000
__Hbank3               bank3        0000
__HbssBANK1            bssBANK1     0000
__HbssCOMMON           bssCOMMON    0000
__Hcinit               cinit        0000
__Hclrtext             clrtext      0000
__Hcode                code         0000
__Hcommon              common       0000
__Hconfig              config       2008
__HcstackBANK0         cstackBANK0  0000
__HcstackBANK1         cstackBANK1  0000
__HcstackCOMMON        cstackCOMMON 0000
__Heeprom_data         eeprom_data  0000
__Hend_init            end_init     000F
__Hfunctab             functab      0109
__Hidloc               idloc        0000
__Hinit                init         000C
__Hintentry            intentry     000C
__Hmaintext            maintext     0000
__Hpa_nodes            pa_nodes     0000
__Hpowerup             powerup      0000
__Hram                 ram          0000
__Hreset_vec           reset_vec    0003
__Hsfr0                sfr0         0000
__Hsfr1                sfr1         0000
__Hsfr2                sfr2         0000
__Hsfr3                sfr3         0000
__Hstrings             strings      0000
__Htext                text         0000
__Labs1                abs1         0000
__Lbank0               bank0        0000
__Lbank1               bank1        0000
__Lbank2               bank2        0000
__Lbank3               bank3        0000
__LbssBANK1            bssBANK1     0000
__LbssCOMMON           bssCOMMON    0000
__Lcinit               cinit        0000
__Lclrtext             clrtext      0000
__Lcode                code         0000
__Lcommon              common       0000
__Lconfig              config       2007
__LcstackBANK0         cstackBANK0  0000
__LcstackBANK1         cstackBANK1  0000
__LcstackCOMMON        cstackCOMMON 0000
__Leeprom_data         eeprom_data  0000
__Lend_init            end_init     000C
__Lfunctab             functab      0100
__Lidloc               idloc        0000
__Linit                init         000C
__Lintentry            intentry     0004
__Lmaintext            maintext     0000
__Lpa_nodes            pa_nodes     0000
__Lpowerup             powerup      0000
__Lram                 ram          0000
__Lreset_vec           reset_vec    0000
__Lsfr0                sfr0         0000
__Lsfr1                sfr1         0000
__Lsfr2                sfr2         0000
__Lsfr3                sfr3         0000
__Lstrings             strings      0000
__Ltext                text         0000
__S0                   (abs)        2008
__S1                   (abs)        00D1
__S2                   (abs)        0000
___altoft              text653      013B
___altoft@c            cstackBANK0  0028
___altoft@exp          cstackBANK0  002C
___altoft@sign         cstackBANK0  002D
___awdiv               text653      0364
___awdiv@counter       cstackBANK0  002A
___awdiv@dividend      cstackBANK0  0028
___awdiv@divisor       cstackBANK0  0026
___awdiv@quotient      cstackBANK0  002C
___awdiv@sign          cstackBANK0  002B
___awmod               text653      03A9
___awmod@counter       cstackBANK0  0024
___awmod@dividend      cstackBANK0  0022
___awmod@divisor       cstackBANK0  0020
___awmod@sign          cstackBANK0  0025
___bmul                text653      0455
___bmul@multiplicand   cstackBANK0  0029
___bmul@multiplier     cstackBANK0  002B
___bmul@product        cstackBANK0  002A
___ftadd               text648      0025
___ftadd@exp1          cstackBANK0  0057
___ftadd@exp2          cstackBANK0  0056
___ftadd@f1            cstackBANK0  004C
___ftadd@f2            cstackBANK0  004F
___ftadd@sign          cstackBANK0  0055
___ftdiv               text653      016A
___ftdiv@cntr          cstackBANK0  0037
___ftdiv@exp           cstackBANK0  003B
___ftdiv@f1            cstackBANK0  0031
___ftdiv@f2            cstackBANK0  002E
___ftdiv@f3            cstackBANK0  0038
___ftdiv@sign          cstackBANK0  003C
___ftge                text664      1413
___ftge@ff1            cstackBANK0  0020
___ftge@ff2            cstackBANK0  0023
___ftmul               text653      03E6
___ftmul@cntr          cstackBANK0  004A
___ftmul@exp           cstackBANK0  0046
___ftmul@f1            cstackBANK0  003D
___ftmul@f2            cstackBANK0  0040
___ftmul@f3_as_product cstackBANK0  0047
___ftmul@sign          cstackBANK0  004B
___ftneg               text645      0FF8
___ftneg@f1            cstackBANK0  0020
___ftpack              text653      0463
___ftpack@arg          cstackBANK0  0020
___ftpack@exp          cstackBANK0  0023
___ftpack@sign         cstackBANK0  0024
___ftsub               text648      000F
___ftsub@f1            cstackBANK0  005B
___ftsub@f2            cstackBANK0  0058
___fttol               text668      1509
___fttol@exp1          cstackBANK0  003A
___fttol@f1            cstackBANK0  002E
___fttol@lval          cstackBANK0  0036
___fttol@sign1         cstackBANK0  0035
___lbdiv               text650      17B3
___lbdiv@counter       cstackBANK0  0027
___lbdiv@dividend      cstackBANK0  0026
___lbdiv@divisor       cstackBANK0  0025
___lbdiv@quotient      cstackBANK0  0028
___lbmod               text650      17CE
___lbmod@counter       cstackBANK0  0023
___lbmod@dividend      cstackBANK0  0022
___lbmod@divisor       cstackBANK0  0020
___lbmod@rem           cstackBANK0  0024
___lldiv               text663      14C1
___lldiv@counter       cstackBANK0  002C
___lldiv@dividend      cstackBANK0  0024
___lldiv@divisor       cstackBANK0  0020
___lldiv@quotient      cstackBANK0  0028
___llmod               text666      143F
___llmod@counter       cstackBANK0  0035
___llmod@dividend      cstackBANK0  0031
___llmod@divisor       cstackBANK0  002D
___lltoft              text653      0109
___lltoft@c            cstackBANK0  0028
___lltoft@exp          cstackBANK0  002C
___wmul                text645      0FDF
___wmul@multiplicand   cstackBANK0  0022
___wmul@multiplier     cstackBANK0  0020
___wmul@product        cstackBANK0  0024
__div_to_l_            text674      15E2
__div_to_l_@cntr       cstackBANK0  0032
__div_to_l_@exp1       cstackBANK0  0033
__div_to_l_@f1         cstackBANK0  0020
__div_to_l_@f2         cstackBANK0  0023
__div_to_l_@quot       cstackBANK0  002E
__doprnt               text645      0808
__doprnt$3206          cstackBANK1  00A0
__doprnt@_val          cstackBANK1  00AD
__doprnt@ap            cstackBANK0  0063
__doprnt@c             cstackBANK1  00B6
__doprnt@exp           cstackBANK1  00A9
__doprnt@f             cstackBANK0  0062
__doprnt@flag          cstackBANK1  00A7
__doprnt@fval          cstackBANK1  00B1
__doprnt@integ         cstackBANK1  00A4
__doprnt@pb            cstackBANK1  00B7
__doprnt@prec          cstackBANK1  00B4
__doprnt@width         cstackBANK1  00AB
__end_of___altoft      text653      016A
__end_of___awdiv       text653      03A9
__end_of___awmod       text653      03E6
__end_of___bmul        text653      0463
__end_of___ftadd       text648      00E7
__end_of___ftdiv       text653      01D2
__end_of___ftge        text664      143F
__end_of___ftmul       text653      0455
__end_of___ftneg       text645      1000
__end_of___ftpack      text653      04A1
__end_of___ftsub       text648      0025
__end_of___fttol       text668      1564
__end_of___lbdiv       text650      17CE
__end_of___lbmod       text650      17EA
__end_of___lldiv       text663      1509
__end_of___llmod       text666      147D
__end_of___lltoft      text653      0127
__end_of___wmul        text645      0FF8
__end_of__div_to_l_    text674      16A1
__end_of__doprnt       text645      0EF1
__end_of__tdiv_to_l_   text675      15E2
__end_of_abs           text680      14C1
__end_of_fround        text650      17B3
__end_of_isdigit       text645      0FDC
__end_of_isprint       text646      06E9
__end_of_lcd_busy      text646      06DB
__end_of_lcd_gotoxy    text646      0515
__end_of_lcd_init      text646      0605
__end_of_lcd_put_byte  text646      06B0
__end_of_lcd_putc      text646      0544
__end_of_main          maintext     07FD
__end_of_ngat          text680      14B3
__end_of_printf        text643      13E0
__end_of_putch         text646      04FD
__end_of_pwm_10bit     text653      013B
__end_of_scale         text653      0364
__end_of_send_char     text658      1413
__end_of_send_string   text658      140D
__end_of_sprintf       text644      13F5
__end_of_tx_init       text678      13D0
__npowers_             strings      1006
__pbssBANK1            bssBANK1     00C6
__pbssCOMMON           bssCOMMON    0070
__pcstackBANK0         cstackBANK0  0020
__pcstackBANK1         cstackBANK1  00A0
__pcstackCOMMON        cstackCOMMON 0076
__pfunctab             functab      0100
__pintentry            intentry     0004
__pmaintext            maintext     06EE
__powers_              strings      102D
__pstrings             strings      1000
__ptext643             text643      13D0
__ptext644             text644      13E0
__ptext645             text645      0808
__ptext646             text646      04FA
__ptext647             text646      0515
__ptext648             text648      000F
__ptext649             text653      01D2
__ptext650             text650      16AE
__ptext651             text646      04FD
__ptext652             text646      0544
__ptext653             text653      0109
__ptext654             text653      013B
__ptext655             text653      03E6
__ptext656             text653      016A
__ptext657             text648      0025
__ptext658             text658      13F5
__ptext659             text653      0127
__ptext660             text646      06B0
__ptext661             text646      0605
__ptext662             text653      03A9
__ptext663             text663      14C1
__ptext664             text664      1413
__ptext665             text645      0FF8
__ptext666             text666      143F
__ptext667             text653      0364
__ptext668             text668      1509
__ptext669             text653      0463
__ptext670             text650      17CE
__ptext671             text650      17B3
__ptext672             text645      0FDF
__ptext673             text653      0455
__ptext674             text674      15E2
__ptext675             text675      156B
__ptext676             text645      0FCE
__ptext677             text658      140D
__ptext678             text678      13C1
__ptext679             text646      06DB
__ptext680             text680      147D
__ptext681             text680      14B3
__size_of___altoft     (abs)        0000
__size_of___awdiv      (abs)        0000
__size_of___awmod      (abs)        0000
__size_of___bmul       (abs)        0000
__size_of___ftadd      (abs)        0000
__size_of___ftdiv      (abs)        0000
__size_of___ftge       (abs)        0000
__size_of___ftmul      (abs)        0000
__size_of___ftneg      (abs)        0000
__size_of___ftpack     (abs)        0000
__size_of___ftsub      (abs)        0000
__size_of___fttol      (abs)        0000
__size_of___lbdiv      (abs)        0000
__size_of___lbmod      (abs)        0000
__size_of___lldiv      (abs)        0000
__size_of___llmod      (abs)        0000
__size_of___lltoft     (abs)        0000
__size_of___wmul       (abs)        0000
__size_of__div_to_l_   (abs)        0000
__size_of__doprnt      (abs)        0000
__size_of__tdiv_to_l_  (abs)        0000
__size_of_abs          (abs)        0000
__size_of_fround       (abs)        0000
__size_of_isdigit      (abs)        0000
__size_of_isprint      (abs)        0000
__size_of_lcd_busy     (abs)        0000
__size_of_lcd_gotoxy   (abs)        0000
__size_of_lcd_init     (abs)        0000
__size_of_lcd_put_byte (abs)        0000
__size_of_lcd_putc     (abs)        0000
__size_of_main         (abs)        0000
__size_of_ngat         (abs)        0000
__size_of_printf       (abs)        0000
__size_of_putch        (abs)        0000
__size_of_pwm_10bit    (abs)        0000
__size_of_scale        (abs)        0000
__size_of_send_char    (abs)        0000
__size_of_send_string  (abs)        0000
__size_of_sprintf      (abs)        0000
__size_of_tx_init      (abs)        0000
__tdiv_to_l_           text675      156B
__tdiv_to_l_@cntr      cstackBANK0  002D
__tdiv_to_l_@exp1      cstackBANK0  002E
__tdiv_to_l_@f1        cstackBANK0  0020
__tdiv_to_l_@f2        cstackBANK0  0023
__tdiv_to_l_@quot      cstackBANK0  0029
_abs                   text680      14B3
_dem                   bssCOMMON    0074
_dpowers               strings      1054
_exit                  init         000C
_fround                text650      16AE
_fround$4209           cstackBANK0  005E
_fround$4210           cstackBANK0  005B
_isdigit               text645      0FCE
_isdigit$3716          cstackBANK0  0020
_isprint               text646      06DB
_isprint$3719          cstackBANK0  0020
_lcd_busy              text646      06B0
_lcd_gotoxy            text646      04FD
_lcd_init              text646      0544
_lcd_put_byte          text646      0605
_lcd_putc              text646      0515
_main                  maintext     06EE
_ngat                  text680      147D
_printf                text643      13D0
_putch                 text646      04FA
_pwm_10bit             text653      0127
_pwm_dem               bssBANK1     00C6
_scale                 text653      01D2
_scale$4211            cstackBANK0  0053
_send_char             text658      140D
_send_string           text658      13F5
_sprintf               text644      13E0
_tx_init               text678      13C1
_v                     bssBANK1     00CA
_xung                  bssBANK1     00CD
_xung_old              bssCOMMON    0070
abs@a                  cstackCOMMON 0076
btemp                  (abs)        007E
end_of_initialization  cinit        00F9
fpbase                 functab      0105
fptable                functab      0100
fptotal                (abs)        0002
fround@prec            cstackBANK0  0061
i1l2171                                 
i1l6523                                 
i1l6527                                 
i1l6531                                 
i1l6533                                 
i1l6537                                 
i1l6539                                 
interrupt_function     intentry     0004
intlevel0              functab      0100
intlevel1              functab      0100
intlevel2              functab      0100
intlevel3              functab      0100
intlevel4              functab      0100
intlevel5              functab      0100
isdigit@c              cstackBANK0  0021
isprint@c              cstackBANK0  0021
l1056                                   
l1059                                   
l1067                                   
l1090                                   
l2182                                   
l2188                                   
l2191                                   
l2194                                   
l2356                                   
l3345                                   
l3350                                   
l3363                                   
l3370                                   
l3376                                   
l3382                                   
l3412                                   
l3418                                   
l3462                                   
l3529                                   
l3539                                   
l3543                                   
l3558                                   
l3597                                   
l3611                                   
l3619                                   
l3627                                   
l3670                                   
l6497                                   
l6499                                   
l6509                                   
l6511                                   
l6513                                   
l6515                                   
l6517                                   
l6519                                   
l6521                                   
l6545                                   
l6549                                   
l6551                                   
l6561                                   
l6569                                   
l6571                                   
l6573                                   
l6575                                   
l6577                                   
l6581                                   
l6585                                   
l6589                                   
l6597                                   
l6609                                   
l6619                                   
l6621                                   
l6623                                   
l6625                                   
l6629                                   
l6633                                   
l6635                                   
l6643                                   
l6655                                   
l6663                                   
l6665                                   
l6671                                   
l6679                                   
l6681                                   
l6687                                   
l6689                                   
l6691                                   
l6697                                   
l6701                                   
l6705                                   
l6711                                   
l6713                                   
l6717                                   
l6719                                   
l6725                                   
l6729                                   
l6731                                   
l6751                                   
l6753                                   
l6755                                   
l6757                                   
l6763                                   
l6765                                   
l6767                                   
l6769                                   
l6771                                   
l6779                                   
l6789                                   
l6795                                   
l6797                                   
l6801                                   
l6807                                   
l6811                                   
l6821                                   
l6825                                   
l6829                                   
l6833                                   
l6839                                   
l6853                                   
l6859                                   
l6867                                   
l6877                                   
l6879                                   
l6887                                   
l6889                                   
l6899                                   
l6903                                   
l6907                                   
l6913                                   
l6915                                   
l6919                                   
l6939                                   
l6943                                   
l6949                                   
l6951                                   
l6953                                   
l6957                                   
l6959                                   
l6961                                   
l6969                                   
l6971                                   
l6973                                   
l6981                                   
l6983                                   
l6985                                   
l6987                                   
l6989                                   
l6991                                   
l6993                                   
l6995                                   
l6999                                   
l7001                                   
l7003                                   
l7009                                   
l7013                                   
l7017                                   
l7019                                   
l7021                                   
l7031                                   
l7037                                   
l7043                                   
l7045                                   
l7049                                   
l7061                                   
l7071                                   
l7077                                   
l7081                                   
l7083                                   
l7087                                   
l7089                                   
l7095                                   
l7107                                   
l7109                                   
l7111                                   
l7113                                   
l7115                                   
l7117                                   
l7119                                   
l7121                                   
l7123                                   
l7129                                   
l7133                                   
l7135                                   
l7139                                   
l7153                                   
l7155                                   
l7157                                   
l7159                                   
l7161                                   
l7163                                   
l7165                                   
l7167                                   
l7175                                   
l7177                                   
l7179                                   
l7187                                   
l7189                                   
l7191                                   
l7195                                   
l7197                                   
l7199                                   
l7211                                   
l7221                                   
l7223                                   
l7225                                   
l7227                                   
l7229                                   
l7231                                   
l7259                                   
l7261                                   
l7267                                   
l7271                                   
l7275                                   
l7285                                   
l7293                                   
l7297                                   
l7333                                   
l7335                                   
l7339                                   
l7357                                   
l7359                                   
l7369                                   
l7373                                   
l7385                                   
l7387                                   
l7393                                   
l7395                                   
l7399                                   
l7405                                   
l7419                                   
l7423                                   
l7427                                   
l7431                                   
l7433                                   
l7435                                   
l7437                                   
l7439                                   
l7441                                   
l7447                                   
l7449                                   
l7479                                   
l7481                                   
l7483                                   
l7487                                   
l7501                                   
l7505                                   
l7523                                   
l7535                                   
l7567                                   
l7579                                   
l7585                                   
l7595                                   
l7607                                   
l7615                                   
l7619                                   
l7639                                   
l7679                                   
l7689                                   
l7701                                   
l7717                                   
l7733                                   
l7735                                   
l7737                                   
l7739                                   
l7741                                   
l7745                                   
l7747                                   
l7749                                   
l7751                                   
l7755                                   
l7757                                   
l7759                                   
l7761                                   
l7763                                   
l7765                                   
l7767                                   
l7769                                   
l7771                                   
l7773                                   
l7775                                   
l7777                                   
l7779                                   
l7781                                   
l7783                                   
l7785                                   
l7787                                   
l7789                                   
l7791                                   
l7793                                   
l7795                                   
l7797                                   
l7799                                   
l7801                                   
l7803                                   
l7805                                   
l7807                                   
l7809                                   
l7811                                   
l7815                                   
l7817                                   
l7819                                   
l7821                                   
l7833                                   
l7835                                   
l7837                                   
lcd_busy@busy          cstackBANK0  0021
lcd_gotoxy@address     cstackBANK0  0027
lcd_gotoxy@col         cstackBANK0  0026
lcd_gotoxy@row         cstackBANK0  0025
lcd_put_byte@b         cstackBANK0  0020
lcd_put_byte@rs        cstackBANK0  0023
lcd_put_byte@temp      cstackBANK0  0024
lcd_putc@c             cstackBANK0  0028
main@data              cstackBANK1  00BC
printf@ap              cstackBANK1  00B9
printf@f               cstackBANK1  00B8
printf@pb              cstackBANK1  00BA
putch@c                cstackBANK0  0036
pwm_10bit@data_pwm     cstackBANK0  002E
reset_vec              reset_vec    0000
saved_w                (abs)        007E
scale@scl              cstackBANK0  0056
send_char@data         cstackBANK0  0020
send_string@s          cstackBANK0  0021
sprintf@ap             cstackBANK1  00B9
sprintf@f              cstackBANK0  0069
sprintf@pb             cstackBANK1  00BA
sprintf@wh             cstackBANK1  00B8
start                  init         000C
start_initialization   cinit        00E7
u2670                                   
u3840                                   
wtemp0                 (abs)        007E
