HI-TECH Software C Compiler 

Linker command line:

--edf=C:\Program Files (x86)\HI-TECH Software\PICC\9.83\dat\en_msgs.txt -cs \
  -h+counter.sym -z -Q16F887 -ol.obj -Mcounter.map -E1 -ACONST=00h-0FFhx32 \
  -ACODE=00h-07FFhx4 -ASTRCODE=00h-01FFFh -AENTRY=00h-0FFhx32 \
  -ASTRING=00h-0FFhx32 -ABANK0=020h-06Fh -ABANK1=0A0h-0EFh \
  -ABANK2=0110h-016Fh -ABANK3=0190h-01EFh \
  -ARAM=020h-06Fh,0A0h-0EFh,0110h-016Fh,0190h-01EFh \
  -AABS1=020h-07Fh,0A0h-0EFh,0110h-016Fh,0190h-01EFh -ACOMMON=070h-07Fh \
  -ASFR0=00h-01Fh -ASFR1=080h-09Fh -ASFR2=0100h-010Fh -ASFR3=0180h-018Fh \
  -preset_vec=00h,intentry=04h,init,end_init -ppowerup=CODE -pfunctab=CODE \
  -ACONFIG=02007h-02008h -pconfig=CONFIG -DCONFIG=2 -AIDLOC=02000h-02003h \
  -pidloc=IDLOC -DIDLOC=2 -AEEDATA=00h-0FFh/02100h -peeprom_data=EEDATA \
  -DEEDATA=2 -DCODE=2 -DSTRCODE=2 -DSTRING=2 -DCONST=2 -DENTRY=2 -k \
  startup.obj counter.obj 

Object code version is 3.10

Machine type is 16F887



                Name                               Link     Load   Length Selector   Space Scale
startup.obj     end_init                              C        C        3        8       0
                reset_vec                             0        0        3        0       0
counter.obj     intentry                              4        4        8        8       0
                config                             2007     2007        1     400E       0
                text557                             7B8      7B8        F        8       0
                text553                             866      866       CB     10CC       0
                text535                             C54      C54      3AC     18A8       0
                text532                             A83      A83      1D1     1506       0
                text531                             931      931      152     1262       0
                text526                               F        F      7A9        8       0
                maintext                           1771     1771       8F     2EE2       0
                cstackBANK0                          20       20       4B       20       1
                cstackCOMMON                         70       70        C       70       1
                cstackBANK1                          A0       A0       19       A0       1
                bssBANK0                             6B       6B        2       20       1
                cinit                               7C7      7C7        6        8       0
                strings                            1000     1000       84     2000       0

TOTAL           Name                               Link     Load   Length     Space
        CLASS   CONST          

        CLASS   CODE           
                end_init                              C        C        3         0
                intentry                              4        4        8         0
                reset_vec                             0        0        3         0
                text557                             7B8      7B8        F         0
                text553                             866      866       CB         0
                text535                             C54      C54      3AC         0
                text532                             A83      A83      1D1         0
                text531                             931      931      152         0
                text526                               F        F      7A9         0
                maintext                           1771     1771       8F         0
                cinit                               7C7      7C7        6         0

        CLASS   STRCODE        

        CLASS   ENTRY          

        CLASS   STRING         
                strings                            1000     1000       84         0

        CLASS   BANK0          
                cstackBANK0                          20       20       4B         1
                bssBANK0                             6B       6B        2         1

        CLASS   BANK1          
                cstackBANK1                          A0       A0       19         1

        CLASS   BANK2          

        CLASS   BANK3          

        CLASS   RAM            

        CLASS   ABS1           
                abs_s1                               7E       7E        2         1

        CLASS   COMMON         
                cstackCOMMON                         70       70        C         1

        CLASS   SFR0           

        CLASS   SFR1           

        CLASS   SFR2           

        CLASS   SFR3           

        CLASS   CONFIG         
                config                             2007     2007        1         0

        CLASS   IDLOC          

        CLASS   EEDATA         



SEGMENTS        Name                           Load    Length   Top    Selector   Space  Class     Delta

                reset_vec                      000000  000003  000003         0       0  CODE        2
                intentry                       000004  0007C9  0007CD         8       0  CODE        2
                cstackBANK0                    000020  00004D  00006D        20       1  BANK0       1
                cstackCOMMON                   000070  00000C  00007C        70       1  COMMON      1
                cstackBANK1                    0000A0  000019  0000B9        A0       1  BANK1       1
                text553                        000866  0000CB  000931      10CC       0  CODE        2
                text531                        000931  000152  000A83      1262       0  CODE        2
                text532                        000A83  0001D1  000C54      1506       0  CODE        2
                text535                        000C54  0003AC  001000      18A8       0  CODE        2
                strings                        001000  000084  001084      2000       0  STRING      2
                maintext                       001771  00008F  001800      2EE2       0  CODE        2
                config                         002007  000001  002008      400E       0  CONFIG      2


UNUSED ADDRESS RANGES

        Name                Unused          Largest block    Delta
        BANK0            006D-006F              3           1
        BANK1            00B9-00EF             37           1
        BANK2            0110-016F             60           1
        BANK3            0190-01EF             60           1
        CODE             0003-0003              1           2
                         07CD-0865             33
                         1084-1770            6ED
                         1800-1FFF            800
        COMMON           007C-007D              2           1
        CONFIG           2008-2008              1           2
        CONST            0003-0003              1           2
                         07CD-0865             33
                         1084-1770            100
                         1800-1FFF            100
        EEDATA           2100-21FF            100           2
        ENTRY            0003-0003              1           2
                         07CD-0865             33
                         1084-1770            100
                         1800-1FFF            100
        IDLOC            2000-2003              4           2
        RAM              006D-006F              3           1
                         00B9-00EF             37
                         0110-016F             60
                         0190-01EF             60
        SFR0             0000-001F             20           1
        SFR1             0080-009F             20           1
        SFR2             0100-010F             10           1
        SFR3             0180-018F             10           1
        STRCODE          0003-0003              1           2
                         07CD-0865             99
                         1084-1770            6ED
                         1800-1FFF            800
        STRING           0003-0003              1           2
                         07CD-0865             33
                         1084-1770            100
                         1800-1FFF            100

                                  Symbol Table

??___awdiv             cstackCOMMON 007C
??___awmod             cstackCOMMON 0076
??___awtoft            cstackCOMMON 007A
??___bmul              cstackCOMMON 007C
??___ftadd             cstackBANK0  0047
??___ftdiv             cstackBANK0  0029
??___ftge              cstackCOMMON 0078
??___ftmul             cstackBANK0  0038
??___ftneg             cstackCOMMON 0075
??___ftpack            cstackCOMMON 0077
??___ftsub             cstackCOMMON 007C
??___fttol             cstackBANK0  0028
??___lbdiv             cstackCOMMON 0078
??___lbmod             cstackCOMMON 0073
??___lldiv             cstackCOMMON 007A
??___llmod             cstackCOMMON 007A
??___lltoft            cstackCOMMON 007A
??___wmul              cstackCOMMON 0076
??__div_to_l_          cstackBANK0  0020
??__tdiv_to_l_         cstackCOMMON 0078
??_fround              cstackCOMMON 007C
??_isdigit             cstackCOMMON 0072
??_isprint             cstackCOMMON 0072
??_lcd_busy            cstackCOMMON 0072
??_lcd_gotoxy          cstackCOMMON 0078
??_lcd_init            cstackCOMMON 0077
??_lcd_put_byte        cstackCOMMON 0073
??_lcd_putc            cstackCOMMON 007A
??_main                cstackBANK0  005F
??_ngat                cstackCOMMON 0070
??_printf              cstackBANK0  005A
??_putch               cstackCOMMON 007B
??_scale               cstackBANK0  0044
?___awdiv              cstackCOMMON 0078
?___awmod              cstackCOMMON 0072
?___awtoft             cstackBANK0  0020
?___bmul               cstackCOMMON 007B
?___ftadd              cstackBANK0  0041
?___ftdiv              cstackBANK0  0023
?___ftge               cstackCOMMON 0072
?___ftmul              cstackBANK0  0032
?___ftneg              cstackCOMMON 0072
?___ftpack             cstackCOMMON 0072
?___ftsub              cstackBANK0  004D
?___fttol              cstackBANK0  0024
?___lbdiv              cstackCOMMON 0077
?___lbmod              cstackCOMMON 0072
?___lldiv              cstackCOMMON 0072
?___llmod              cstackBANK0  0025
?___lltoft             cstackBANK0  0020
?___wmul               cstackCOMMON 0072
?__div_to_l_           cstackCOMMON 0072
?__tdiv_to_l_          cstackCOMMON 0072
?_fround               cstackBANK0  004D
?_isdigit              cstackCOMMON 0070
?_isprint              cstackCOMMON 0070
?_lcd_busy             cstackCOMMON 0070
?_lcd_gotoxy           cstackCOMMON 0077
?_lcd_init             cstackCOMMON 0070
?_lcd_put_byte         cstackCOMMON 0072
?_lcd_putc             cstackCOMMON 0070
?_main                 cstackCOMMON 0070
?_ngat                 cstackCOMMON 0070
?_printf               cstackBANK0  0057
?_putch                cstackCOMMON 0070
?_scale                cstackBANK0  0041
_ANSEL                 (abs)        0188
_ANSELH                (abs)        0189
_GIE                   (abs)        005F
_PSA                   (abs)        040B
_RD1                   (abs)        0041
_RD2                   (abs)        0042
_RD3                   (abs)        0043
_RD4                   (abs)        0044
_RD5                   (abs)        0045
_RD6                   (abs)        0046
_RD7                   (abs)        0047
_T0CS                  (abs)        040D
_T0IE                  (abs)        005D
_T0IF                  (abs)        005A
_T0SE                  (abs)        040C
_TMR0                  (abs)        0001
_TRISD1                (abs)        0441
_TRISD2                (abs)        0442
_TRISD3                (abs)        0443
_TRISD4                (abs)        0444
_TRISD5                (abs)        0445
_TRISD6                (abs)        0446
_TRISD7                (abs)        0447
_TRISE0                (abs)        0448
__Habs1                abs1         0000
__Hbank0               bank0        0000
__Hbank1               bank1        0000
__Hbank2               bank2        0000
__Hbank3               bank3        0000
__HbssBANK0            bssBANK0     0000
__Hcinit               cinit        0000
__Hclrtext             clrtext      0000
__Hcode                code         0000
__Hcommon              common       0000
__Hconfig              config       2008
__HcstackBANK0         cstackBANK0  0000
__HcstackBANK1         cstackBANK1  0000
__HcstackCOMMON        cstackCOMMON 0000
__Heeprom_data         eeprom_data  0000
__Hend_init            end_init     000F
__Hfunctab             functab      0000
__Hidloc               idloc        0000
__Hinit                init         000C
__Hintentry            intentry     000C
__Hmaintext            maintext     0000
__Hpa_nodes            pa_nodes     0000
__Hpowerup             powerup      0000
__Hram                 ram          0000
__Hreset_vec           reset_vec    0003
__Hsfr0                sfr0         0000
__Hsfr1                sfr1         0000
__Hsfr2                sfr2         0000
__Hsfr3                sfr3         0000
__Hstrings             strings      0000
__Htext                text         0000
__Labs1                abs1         0000
__Lbank0               bank0        0000
__Lbank1               bank1        0000
__Lbank2               bank2        0000
__Lbank3               bank3        0000
__LbssBANK0            bssBANK0     0000
__Lcinit               cinit        0000
__Lclrtext             clrtext      0000
__Lcode                code         0000
__Lcommon              common       0000
__Lconfig              config       2007
__LcstackBANK0         cstackBANK0  0000
__LcstackBANK1         cstackBANK1  0000
__LcstackCOMMON        cstackCOMMON 0000
__Leeprom_data         eeprom_data  0000
__Lend_init            end_init     000C
__Lfunctab             functab      0000
__Lidloc               idloc        0000
__Linit                init         000C
__Lintentry            intentry     0004
__Lmaintext            maintext     0000
__Lpa_nodes            pa_nodes     0000
__Lpowerup             powerup      0000
__Lram                 ram          0000
__Lreset_vec           reset_vec    0000
__Lsfr0                sfr0         0000
__Lsfr1                sfr1         0000
__Lsfr2                sfr2         0000
__Lsfr3                sfr3         0000
__Lstrings             strings      0000
__Ltext                text         0000
__S0                   (abs)        2008
__S1                   (abs)        00B9
__S2                   (abs)        0000
___awdiv               text535      0E69
___awdiv@counter       cstackBANK0  0020
___awdiv@dividend      cstackCOMMON 007A
___awdiv@divisor       cstackCOMMON 0078
___awdiv@quotient      cstackBANK0  0022
___awdiv@sign          cstackBANK0  0021
___awmod               text535      0EAF
___awmod@counter       cstackCOMMON 0076
___awmod@dividend      cstackCOMMON 0074
___awmod@divisor       cstackCOMMON 0072
___awmod@sign          cstackCOMMON 0077
___awtoft              text535      0C54
___awtoft@c            cstackBANK0  0020
___awtoft@sign         cstackCOMMON 007A
___bmul                text535      0F5B
___bmul@multiplicand   cstackCOMMON 007B
___bmul@multiplier     cstackBANK0  0021
___bmul@product        cstackBANK0  0020
___ftadd               text526      0632
___ftadd@exp1          cstackBANK0  004C
___ftadd@exp2          cstackBANK0  004B
___ftadd@f1            cstackBANK0  0041
___ftadd@f2            cstackBANK0  0044
___ftadd@sign          cstackBANK0  004A
___ftdiv               text535      0C6F
___ftdiv@cntr          cstackBANK0  002C
___ftdiv@exp           cstackBANK0  0030
___ftdiv@f1            cstackBANK0  0026
___ftdiv@f2            cstackBANK0  0023
___ftdiv@f3            cstackBANK0  002D
___ftdiv@sign          cstackBANK0  0031
___ftge                text526      047D
___ftge@ff1            cstackCOMMON 0072
___ftge@ff2            cstackCOMMON 0075
___ftmul               text535      0EEC
___ftmul@cntr          cstackBANK0  003F
___ftmul@exp           cstackBANK0  003B
___ftmul@f1            cstackBANK0  0032
___ftmul@f2            cstackBANK0  0035
___ftmul@f3_as_product cstackBANK0  003C
___ftmul@sign          cstackBANK0  0040
___ftneg               text526      062A
___ftneg@f1            cstackCOMMON 0072
___ftpack              text535      0F69
___ftpack@arg          cstackCOMMON 0072
___ftpack@exp          cstackCOMMON 0075
___ftpack@sign         cstackCOMMON 0076
___ftsub               text526      0714
___ftsub@f1            cstackBANK0  0050
___ftsub@f2            cstackBANK0  004D
___fttol               text526      04D0
___fttol@exp1          cstackBANK0  0030
___fttol@f1            cstackBANK0  0024
___fttol@lval          cstackBANK0  002C
___fttol@sign1         cstackBANK0  002B
___lbdiv               text531      0A36
___lbdiv@counter       cstackCOMMON 0079
___lbdiv@dividend      cstackCOMMON 0078
___lbdiv@divisor       cstackCOMMON 0077
___lbdiv@quotient      cstackCOMMON 007A
___lbmod               text531      0A51
___lbmod@counter       cstackCOMMON 0075
___lbmod@dividend      cstackCOMMON 0074
___lbmod@divisor       cstackCOMMON 0072
___lbmod@rem           cstackCOMMON 0076
___lldiv               text526      0569
___lldiv@counter       cstackBANK0  0024
___lldiv@dividend      cstackCOMMON 0076
___lldiv@divisor       cstackCOMMON 0072
___lldiv@quotient      cstackBANK0  0020
___llmod               text526      052B
___llmod@counter       cstackCOMMON 007A
___llmod@dividend      cstackBANK0  0029
___llmod@divisor       cstackBANK0  0025
___lltoft              text526      06F4
___lltoft@c            cstackBANK0  0020
___lltoft@exp          cstackCOMMON 007A
___wmul                text526      04B7
___wmul@multiplicand   cstackCOMMON 0074
___wmul@multiplier     cstackCOMMON 0072
___wmul@product        cstackCOMMON 0076
__div_to_l_            text553      0866
__div_to_l_@cntr       cstackBANK0  002C
__div_to_l_@exp1       cstackBANK0  002D
__div_to_l_@f1         cstackCOMMON 0072
__div_to_l_@f2         cstackCOMMON 0075
__div_to_l_@quot       cstackBANK0  0028
__end_of___awdiv       text535      0EAF
__end_of___awmod       text535      0EEC
__end_of___awtoft      text535      0C6F
__end_of___bmul        text535      0F69
__end_of___ftadd       text526      06F4
__end_of___ftdiv       text535      0CD7
__end_of___ftge        text526      04A9
__end_of___ftmul       text535      0F5B
__end_of___ftneg       text526      0632
__end_of___ftpack      text535      0FA7
__end_of___ftsub       text526      072A
__end_of___fttol       text526      052B
__end_of___lbdiv       text531      0A51
__end_of___lbmod       text531      0A6D
__end_of___lldiv       text526      05B2
__end_of___llmod       text526      0569
__end_of___lltoft      text526      0714
__end_of___wmul        text526      04D0
__end_of__div_to_l_    text553      0924
__end_of__tdiv_to_l_   text526      062A
__end_of_fround        text531      0A36
__end_of_isdigit       text526      04B7
__end_of_isprint       text532      0C4A
__end_of_lcd_busy      text532      0C3C
__end_of_lcd_gotoxy    text532      0A9B
__end_of_lcd_init      text532      0B85
__end_of_lcd_put_byte  text532      0C15
__end_of_lcd_putc      text532      0ACA
__end_of_main          maintext     1800
__end_of_ngat          text557      07C7
__end_of_printf        text526      0479
__end_of_putch         text526      047D
__end_of_scale         text535      0E69
__npowers_             strings      1006
__pbssBANK0            bssBANK0     006B
__pcstackBANK0         cstackBANK0  0020
__pcstackBANK1         cstackBANK1  00A0
__pcstackCOMMON        cstackCOMMON 0070
__pintentry            intentry     0004
__pmaintext            maintext     1771
__powers_              strings      102D
__pstrings             strings      1000
__ptext526             text526      000F
__ptext527             text526      0479
__ptext528             text532      0A9B
__ptext529             text526      0714
__ptext530             text535      0CD7
__ptext531             text531      0931
__ptext532             text532      0A83
__ptext533             text532      0ACA
__ptext534             text526      06F4
__ptext535             text535      0C54
__ptext536             text535      0EEC
__ptext537             text535      0C6F
__ptext538             text526      0632
__ptext539             text532      0C15
__ptext540             text532      0B85
__ptext541             text535      0EAF
__ptext542             text526      0569
__ptext543             text526      047D
__ptext544             text526      062A
__ptext545             text526      052B
__ptext546             text535      0E69
__ptext547             text526      04D0
__ptext548             text535      0F69
__ptext549             text531      0A51
__ptext550             text531      0A36
__ptext551             text526      04B7
__ptext552             text535      0F5B
__ptext553             text553      0866
__ptext554             text526      05B2
__ptext555             text526      04A9
__ptext556             text532      0C3C
__ptext557             text557      07B8
__ptext558             text558      0000
__size_of___awdiv      (abs)        0000
__size_of___awmod      (abs)        0000
__size_of___awtoft     (abs)        0000
__size_of___bmul       (abs)        0000
__size_of___ftadd      (abs)        0000
__size_of___ftdiv      (abs)        0000
__size_of___ftge       (abs)        0000
__size_of___ftmul      (abs)        0000
__size_of___ftneg      (abs)        0000
__size_of___ftpack     (abs)        0000
__size_of___ftsub      (abs)        0000
__size_of___fttol      (abs)        0000
__size_of___lbdiv      (abs)        0000
__size_of___lbmod      (abs)        0000
__size_of___lldiv      (abs)        0000
__size_of___llmod      (abs)        0000
__size_of___lltoft     (abs)        0000
__size_of___wmul       (abs)        0000
__size_of__div_to_l_   (abs)        0000
__size_of__tdiv_to_l_  (abs)        0000
__size_of_fround       (abs)        0000
__size_of_isdigit      (abs)        0000
__size_of_isprint      (abs)        0000
__size_of_lcd_busy     (abs)        0000
__size_of_lcd_gotoxy   (abs)        0000
__size_of_lcd_init     (abs)        0000
__size_of_lcd_put_byte (abs)        0000
__size_of_lcd_putc     (abs)        0000
__size_of_main         (abs)        0000
__size_of_ngat         (abs)        0000
__size_of_printf       (abs)        0000
__size_of_putch        (abs)        0000
__size_of_scale        (abs)        0000
__tdiv_to_l_           text526      05B2
__tdiv_to_l_@cntr      cstackBANK0  0024
__tdiv_to_l_@exp1      cstackBANK0  0025
__tdiv_to_l_@f1        cstackCOMMON 0072
__tdiv_to_l_@f2        cstackCOMMON 0075
__tdiv_to_l_@quot      cstackBANK0  0020
_dem                   bssBANK0     006B
_dpowers               strings      1054
_exit                  init         000C
_fround                text531      0931
_fround$4104           cstackBANK0  0053
_fround$4105           cstackBANK0  0050
_isdigit               text526      04A9
_isdigit$3670          cstackCOMMON 0072
_isprint               text532      0C3C
_isprint$3673          cstackCOMMON 0072
_lcd_busy              text532      0C15
_lcd_gotoxy            text532      0A83
_lcd_init              text532      0ACA
_lcd_put_byte          text532      0B85
_lcd_putc              text532      0A9B
_main                  maintext     1771
_ngat                  text557      07B8
_printf                text526      000F
_printf$3162           cstackBANK1  00A0
_putch                 text526      0479
_scale                 text535      0CD7
_scale$4106            cstackBANK0  0048
btemp                  (abs)        007E
end_of_initialization  cinit        07C9
fround@prec            cstackBANK0  0056
i1l1048                                 
i1l5968                                 
interrupt_function     intentry     0004
intlevel0              functab      0000
intlevel1              functab      0000
intlevel2              functab      0000
intlevel3              functab      0000
intlevel4              functab      0000
intlevel5              functab      0000
isdigit@c              cstackCOMMON 0073
isprint@c              cstackCOMMON 0073
l1051                                   
l2107                                   
l2110                                   
l2118                                   
l2141                                   
l3244                                   
l3249                                   
l3259                                   
l3265                                   
l3295                                   
l3301                                   
l3345                                   
l3399                                   
l3412                                   
l3422                                   
l3426                                   
l3441                                   
l3480                                   
l3502                                   
l3510                                   
l3553                                   
l5974                                   
l5976                                   
l5986                                   
l5988                                   
l5998                                   
l6006                                   
l6008                                   
l6010                                   
l6012                                   
l6014                                   
l6018                                   
l6022                                   
l6026                                   
l6034                                   
l6046                                   
l6056                                   
l6058                                   
l6060                                   
l6062                                   
l6066                                   
l6070                                   
l6072                                   
l6080                                   
l6092                                   
l6100                                   
l6102                                   
l6108                                   
l6116                                   
l6118                                   
l6124                                   
l6126                                   
l6128                                   
l6134                                   
l6138                                   
l6142                                   
l6148                                   
l6150                                   
l6154                                   
l6156                                   
l6162                                   
l6166                                   
l6168                                   
l6188                                   
l6190                                   
l6192                                   
l6194                                   
l6200                                   
l6202                                   
l6204                                   
l6206                                   
l6208                                   
l6216                                   
l6226                                   
l6232                                   
l6234                                   
l6238                                   
l6244                                   
l6248                                   
l6258                                   
l6262                                   
l6266                                   
l6270                                   
l6276                                   
l6290                                   
l6296                                   
l6304                                   
l6314                                   
l6316                                   
l6324                                   
l6326                                   
l6336                                   
l6340                                   
l6344                                   
l6350                                   
l6352                                   
l6356                                   
l6376                                   
l6380                                   
l6386                                   
l6388                                   
l6390                                   
l6394                                   
l6396                                   
l6398                                   
l6406                                   
l6408                                   
l6410                                   
l6418                                   
l6420                                   
l6422                                   
l6424                                   
l6426                                   
l6428                                   
l6430                                   
l6432                                   
l6436                                   
l6438                                   
l6440                                   
l6450                                   
l6456                                   
l6462                                   
l6464                                   
l6468                                   
l6480                                   
l6490                                   
l6496                                   
l6500                                   
l6502                                   
l6506                                   
l6508                                   
l6514                                   
l6526                                   
l6528                                   
l6530                                   
l6532                                   
l6534                                   
l6536                                   
l6538                                   
l6540                                   
l6542                                   
l6548                                   
l6552                                   
l6554                                   
l6558                                   
l6572                                   
l6574                                   
l6576                                   
l6578                                   
l6580                                   
l6582                                   
l6584                                   
l6586                                   
l6594                                   
l6596                                   
l6598                                   
l6606                                   
l6608                                   
l6610                                   
l6614                                   
l6616                                   
l6620                                   
l6626                                   
l6636                                   
l6638                                   
l6640                                   
l6642                                   
l6644                                   
l6646                                   
l6674                                   
l6676                                   
l6682                                   
l6686                                   
l6690                                   
l6700                                   
l6708                                   
l6712                                   
l6748                                   
l6750                                   
l6754                                   
l6772                                   
l6774                                   
l6782                                   
l6788                                   
l6790                                   
l6796                                   
l6798                                   
l6802                                   
l6808                                   
l6822                                   
l6824                                   
l6828                                   
l6832                                   
l6836                                   
l6838                                   
l6840                                   
l6842                                   
l6844                                   
l6846                                   
l6852                                   
l6854                                   
l6884                                   
l6886                                   
l6888                                   
l6892                                   
l6906                                   
l6910                                   
l6934                                   
l6944                                   
l6952                                   
l6994                                   
l7002                                   
l7004                                   
l7006                                   
l7008                                   
l7010                                   
l7012                                   
l7014                                   
l7016                                   
l7018                                   
l7020                                   
l7024                                   
l7026                                   
l7028                                   
l7030                                   
l7032                                   
l7034                                   
l7036                                   
l7038                                   
l7040                                   
lcd_busy@busy          cstackCOMMON 0073
lcd_gotoxy@address     cstackCOMMON 0079
lcd_gotoxy@col         cstackCOMMON 0078
lcd_gotoxy@row         cstackCOMMON 0077
lcd_put_byte@b         cstackCOMMON 0072
lcd_put_byte@rs        cstackCOMMON 0075
lcd_put_byte@temp      cstackCOMMON 0076
lcd_putc@c             cstackCOMMON 007A
main@count             cstackBANK0  0065
main@count1            cstackBANK0  0067
main@count2            cstackBANK0  0069
main@v                 cstackBANK0  0062
printf@_val            cstackBANK1  00A8
printf@ap              cstackBANK1  00A4
printf@c               cstackBANK1  00B8
printf@exp             cstackBANK1  00B1
printf@f               cstackBANK1  00AE
printf@flag            cstackBANK1  00AC
printf@fval            cstackBANK1  00B3
printf@integ           cstackBANK1  00A5
printf@prec            cstackBANK1  00B6
printf@width           cstackBANK1  00AF
putch@c                cstackCOMMON 007B
reset_vec              reset_vec    0000
saved_w                (abs)        007E
scale@scl              cstackBANK0  004B
start                  init         000C
start_initialization   cinit        07C7
u2320                                   
u3440                                   
wtemp0                 (abs)        007E
