HI-TECH Software C Compiler 

Linker command line:

--edf=C:\Program Files (x86)\HI-TECH Software\PICC\9.83\dat\en_msgs.txt -cs \
  -h+khongdungCCP.sym -z -Q16F887 -ol.obj -MkhongdungCCP.map -E1 \
  -ACONST=00h-0FFhx32 -ACODE=00h-07FFhx4 -ASTRCODE=00h-01FFFh \
  -AENTRY=00h-0FFhx32 -ASTRING=00h-0FFhx32 -ABANK0=020h-06Fh \
  -ABANK1=0A0h-0EFh -ABANK2=0110h-016Fh -ABANK3=0190h-01EFh \
  -ARAM=020h-06Fh,0A0h-0EFh,0110h-016Fh,0190h-01EFh \
  -AABS1=020h-07Fh,0A0h-0EFh,0110h-016Fh,0190h-01EFh -ACOMMON=070h-07Fh \
  -ASFR0=00h-01Fh -ASFR1=080h-09Fh -ASFR2=0100h-010Fh -ASFR3=0180h-018Fh \
  -preset_vec=00h,intentry=04h,init,end_init -ppowerup=CODE -pfunctab=CODE \
  -ACONFIG=02007h-02008h -pconfig=CONFIG -DCONFIG=2 -AIDLOC=02000h-02003h \
  -pidloc=IDLOC -DIDLOC=2 -AEEDATA=00h-0FFh/02100h -peeprom_data=EEDATA \
  -DEEDATA=2 -DCODE=2 -DSTRCODE=2 -DSTRING=2 -DCONST=2 -DENTRY=2 -k \
  startup.obj khongdungCCP.obj 

Object code version is 3.10

Machine type is 16F887



                Name                               Link     Load   Length Selector   Space Scale
startup.obj     end_init                              C        C        3        8       0
                reset_vec                             0        0        3        0       0
khongdungCCP.obj
                intentry                              4        4        8        8       0
                config                             2007     2007        1     400E       0
                text547                             7A9      7A9        E        8       0
                text543                            1735     1735       CB     2E6A       0
                text525                             C8A      C8A      376     1914       0
                text523                             AB9      AB9      1D1     1572       0
                text522                             967      967      152     12CE       0
                text520                             88F      88F       D8     111E       0
                text517                               F        F      78C        8       0
                maintext                           168B     168B       AA     2D16       0
                cstackBANK0                          20       20       42       20       1
                cstackCOMMON                         70       70        C       70       1
                cstackBANK1                          A0       A0       19       A0       1
                bssBANK0                             62       62        A       20       1
                cinit                               79B      79B        E        8       0
                strings                            1000     1000       90     2000       0

TOTAL           Name                               Link     Load   Length     Space
        CLASS   CONST          

        CLASS   CODE           
                end_init                              C        C        3         0
                intentry                              4        4        8         0
                reset_vec                             0        0        3         0
                text547                             7A9      7A9        E         0
                text543                            1735     1735       CB         0
                text525                             C8A      C8A      376         0
                text523                             AB9      AB9      1D1         0
                text522                             967      967      152         0
                text520                             88F      88F       D8         0
                text517                               F        F      78C         0
                maintext                           168B     168B       AA         0
                cinit                               79B      79B        E         0

        CLASS   STRCODE        

        CLASS   ENTRY          

        CLASS   STRING         
                strings                            1000     1000       90         0

        CLASS   BANK0          
                cstackBANK0                          20       20       42         1
                bssBANK0                             62       62        A         1

        CLASS   BANK1          
                cstackBANK1                          A0       A0       19         1

        CLASS   BANK2          

        CLASS   BANK3          

        CLASS   RAM            

        CLASS   ABS1           
                abs_s1                               7E       7E        2         1

        CLASS   COMMON         
                cstackCOMMON                         70       70        C         1

        CLASS   SFR0           

        CLASS   SFR1           

        CLASS   SFR2           

        CLASS   SFR3           

        CLASS   CONFIG         
                config                             2007     2007        1         0

        CLASS   IDLOC          

        CLASS   EEDATA         



SEGMENTS        Name                           Load    Length   Top    Selector   Space  Class     Delta

                reset_vec                      000000  000003  000003         0       0  CODE        2
                intentry                       000004  0007B3  0007B7         8       0  CODE        2
                cstackBANK0                    000020  00004C  00006C        20       1  BANK0       1
                cstackCOMMON                   000070  00000C  00007C        70       1  COMMON      1
                cstackBANK1                    0000A0  000019  0000B9        A0       1  BANK1       1
                text520                        00088F  0000D8  000967      111E       0  CODE        2
                text522                        000967  000152  000AB9      12CE       0  CODE        2
                text523                        000AB9  0001D1  000C8A      1572       0  CODE        2
                text525                        000C8A  000376  001000      1914       0  CODE        2
                strings                        001000  000090  001090      2000       0  STRING      2
                maintext                       00168B  0000AA  001735      2D16       0  CODE        2
                text543                        001735  0000CB  001800      2E6A       0  CODE        2
                config                         002007  000001  002008      400E       0  CONFIG      2


UNUSED ADDRESS RANGES

        Name                Unused          Largest block    Delta
        BANK0            006C-006F              4           1
        BANK1            00B9-00EF             37           1
        BANK2            0110-016F             60           1
        BANK3            0190-01EF             60           1
        CODE             0003-0003              1           2
                         07B7-088E             49
                         1090-168A            5FB
                         1800-1FFF            800
        COMMON           007C-007D              2           1
        CONFIG           2008-2008              1           2
        CONST            0003-0003              1           2
                         07B7-088E             49
                         1090-168A            100
                         1800-1FFF            100
        EEDATA           2100-21FF            100           2
        ENTRY            0003-0003              1           2
                         07B7-088E             49
                         1090-168A            100
                         1800-1FFF            100
        IDLOC            2000-2003              4           2
        RAM              006C-006F              4           1
                         00B9-00EF             37
                         0110-016F             60
                         0190-01EF             60
        SFR0             0000-001F             20           1
        SFR1             0080-009F             20           1
        SFR2             0100-010F             10           1
        SFR3             0180-018F             10           1
        STRCODE          0003-0003              1           2
                         07B7-088E             D8
                         1090-168A            5FB
                         1800-1FFF            800
        STRING           0003-0003              1           2
                         07B7-088E             49
                         1090-168A            100
                         1800-1FFF            100

                                  Symbol Table

??___altoft            cstackCOMMON 007A
??___awdiv             cstackCOMMON 007C
??___awmod             cstackCOMMON 0076
??___bmul              cstackCOMMON 007C
??___ftadd             cstackBANK0  0046
??___ftge              cstackCOMMON 0078
??___ftmul             cstackBANK0  0037
??___ftneg             cstackCOMMON 0075
??___ftpack            cstackCOMMON 0077
??___ftsub             cstackCOMMON 007C
??___fttol             cstackBANK0  0028
??___lbdiv             cstackCOMMON 0078
??___lbmod             cstackCOMMON 0073
??___lldiv             cstackCOMMON 007A
??___llmod             cstackCOMMON 007A
??___lltoft            cstackCOMMON 007A
??___wmul              cstackCOMMON 0076
??__div_to_l_          cstackBANK0  0020
??__tdiv_to_l_         cstackCOMMON 0078
??_fround              cstackCOMMON 007C
??_isdigit             cstackCOMMON 0072
??_isprint             cstackCOMMON 0072
??_lcd_busy            cstackCOMMON 0072
??_lcd_gotoxy          cstackCOMMON 0078
??_lcd_init            cstackCOMMON 0077
??_lcd_put_byte        cstackCOMMON 0073
??_lcd_putc            cstackCOMMON 007A
??_main                cstackBANK0  005F
??_ngat                cstackCOMMON 0070
??_printf              cstackBANK0  005A
??_putch               cstackCOMMON 007B
??_scale               cstackBANK0  0043
?___altoft             cstackBANK0  0020
?___awdiv              cstackCOMMON 0078
?___awmod              cstackCOMMON 0072
?___bmul               cstackCOMMON 007B
?___ftadd              cstackBANK0  0040
?___ftge               cstackCOMMON 0072
?___ftmul              cstackBANK0  0031
?___ftneg              cstackCOMMON 0072
?___ftpack             cstackCOMMON 0072
?___ftsub              cstackBANK0  004C
?___fttol              cstackBANK0  0024
?___lbdiv              cstackCOMMON 0077
?___lbmod              cstackCOMMON 0072
?___lldiv              cstackCOMMON 0072
?___llmod              cstackBANK0  0025
?___lltoft             cstackBANK0  0020
?___wmul               cstackCOMMON 0072
?__div_to_l_           cstackCOMMON 0072
?__tdiv_to_l_          cstackCOMMON 0072
?_fround               cstackBANK0  004C
?_isdigit              cstackCOMMON 0070
?_isprint              cstackCOMMON 0070
?_lcd_busy             cstackCOMMON 0070
?_lcd_gotoxy           cstackCOMMON 0077
?_lcd_init             cstackCOMMON 0070
?_lcd_put_byte         cstackCOMMON 0072
?_lcd_putc             cstackCOMMON 0070
?_main                 cstackCOMMON 0070
?_ngat                 cstackCOMMON 0070
?_printf               cstackBANK0  0056
?_putch                cstackCOMMON 0070
?_scale                cstackBANK0  0040
_ANSEL                 (abs)        0188
_ANSELH                (abs)        0189
_GIE                   (abs)        005F
_IOCB                  (abs)        0096
_PEIE                  (abs)        005E
_RB1                   (abs)        0031
_RBIE                  (abs)        005B
_RBIF                  (abs)        0058
_RD1                   (abs)        0041
_RD2                   (abs)        0042
_RD3                   (abs)        0043
_RD4                   (abs)        0044
_RD5                   (abs)        0045
_RD6                   (abs)        0046
_RD7                   (abs)        0047
_RE1                   (abs)        0049
_T1CKPS0               (abs)        0084
_T1CKPS1               (abs)        0085
_T1SYNC                (abs)        0082
_TMR1                  (abs)        000E
_TMR1CS                (abs)        0081
_TMR1GE                (abs)        0086
_TMR1H                 (abs)        000F
_TMR1L                 (abs)        000E
_TMR1ON                (abs)        0080
_TRISB1                (abs)        0431
_TRISC0                (abs)        0438
_TRISD1                (abs)        0441
_TRISD2                (abs)        0442
_TRISD3                (abs)        0443
_TRISD4                (abs)        0444
_TRISD5                (abs)        0445
_TRISD6                (abs)        0446
_TRISD7                (abs)        0447
_TRISE0                (abs)        0448
_TRISE1                (abs)        0449
__Habs1                abs1         0000
__Hbank0               bank0        0000
__Hbank1               bank1        0000
__Hbank2               bank2        0000
__Hbank3               bank3        0000
__HbssBANK0            bssBANK0     0000
__Hcinit               cinit        0000
__Hclrtext             clrtext      0000
__Hcode                code         0000
__Hcommon              common       0000
__Hconfig              config       2008
__HcstackBANK0         cstackBANK0  0000
__HcstackBANK1         cstackBANK1  0000
__HcstackCOMMON        cstackCOMMON 0000
__Heeprom_data         eeprom_data  0000
__Hend_init            end_init     000F
__Hfunctab             functab      0000
__Hidloc               idloc        0000
__Hinit                init         000C
__Hintentry            intentry     000C
__Hmaintext            maintext     0000
__Hpa_nodes            pa_nodes     0000
__Hpowerup             powerup      0000
__Hram                 ram          0000
__Hreset_vec           reset_vec    0003
__Hsfr0                sfr0         0000
__Hsfr1                sfr1         0000
__Hsfr2                sfr2         0000
__Hsfr3                sfr3         0000
__Hstrings             strings      0000
__Htext                text         0000
__Labs1                abs1         0000
__Lbank0               bank0        0000
__Lbank1               bank1        0000
__Lbank2               bank2        0000
__Lbank3               bank3        0000
__LbssBANK0            bssBANK0     0000
__Lcinit               cinit        0000
__Lclrtext             clrtext      0000
__Lcode                code         0000
__Lcommon              common       0000
__Lconfig              config       2007
__LcstackBANK0         cstackBANK0  0000
__LcstackBANK1         cstackBANK1  0000
__LcstackCOMMON        cstackCOMMON 0000
__Leeprom_data         eeprom_data  0000
__Lend_init            end_init     000C
__Lfunctab             functab      0000
__Lidloc               idloc        0000
__Linit                init         000C
__Lintentry            intentry     0004
__Lmaintext            maintext     0000
__Lpa_nodes            pa_nodes     0000
__Lpowerup             powerup      0000
__Lram                 ram          0000
__Lreset_vec           reset_vec    0000
__Lsfr0                sfr0         0000
__Lsfr1                sfr1         0000
__Lsfr2                sfr2         0000
__Lsfr3                sfr3         0000
__Lstrings             strings      0000
__Ltext                text         0000
__S0                   (abs)        2008
__S1                   (abs)        00B9
__S2                   (abs)        0000
___altoft              text525      0CA8
___altoft@c            cstackBANK0  0020
___altoft@exp          cstackCOMMON 007A
___altoft@sign         cstackCOMMON 007B
___awdiv               text525      0E69
___awdiv@counter       cstackBANK0  0020
___awdiv@dividend      cstackCOMMON 007A
___awdiv@divisor       cstackCOMMON 0078
___awdiv@quotient      cstackBANK0  0022
___awdiv@sign          cstackBANK0  0021
___awmod               text525      0EAF
___awmod@counter       cstackCOMMON 0076
___awmod@dividend      cstackCOMMON 0074
___awmod@divisor       cstackCOMMON 0072
___awmod@sign          cstackCOMMON 0077
___bmul                text525      0F5B
___bmul@multiplicand   cstackCOMMON 007B
___bmul@multiplier     cstackBANK0  0021
___bmul@product        cstackBANK0  0020
___ftadd               text520      08A5
___ftadd@exp1          cstackBANK0  004B
___ftadd@exp2          cstackBANK0  004A
___ftadd@f1            cstackBANK0  0040
___ftadd@f2            cstackBANK0  0043
___ftadd@sign          cstackBANK0  0049
___ftge                text517      058F
___ftge@ff1            cstackCOMMON 0072
___ftge@ff2            cstackCOMMON 0075
___ftmul               text525      0EEC
___ftmul@cntr          cstackBANK0  003E
___ftmul@exp           cstackBANK0  003A
___ftmul@f1            cstackBANK0  0031
___ftmul@f2            cstackBANK0  0034
___ftmul@f3_as_product cstackBANK0  003B
___ftmul@sign          cstackBANK0  003F
___ftneg               text517      06FE
___ftneg@f1            cstackCOMMON 0072
___ftpack              text525      0F69
___ftpack@arg          cstackCOMMON 0072
___ftpack@exp          cstackCOMMON 0075
___ftpack@sign         cstackCOMMON 0076
___ftsub               text520      088F
___ftsub@f1            cstackBANK0  004F
___ftsub@f2            cstackBANK0  004C
___fttol               text517      05E2
___fttol@exp1          cstackBANK0  0030
___fttol@f1            cstackBANK0  0024
___fttol@lval          cstackBANK0  002C
___fttol@sign1         cstackBANK0  002B
___lbdiv               text522      0A6C
___lbdiv@counter       cstackCOMMON 0079
___lbdiv@dividend      cstackCOMMON 0078
___lbdiv@divisor       cstackCOMMON 0077
___lbdiv@quotient      cstackCOMMON 007A
___lbmod               text522      0A87
___lbmod@counter       cstackCOMMON 0075
___lbmod@dividend      cstackCOMMON 0074
___lbmod@divisor       cstackCOMMON 0072
___lbmod@rem           cstackCOMMON 0076
___lldiv               text517      063D
___lldiv@counter       cstackBANK0  0024
___lldiv@dividend      cstackCOMMON 0076
___lldiv@divisor       cstackCOMMON 0072
___lldiv@quotient      cstackBANK0  0020
___llmod               text517      0551
___llmod@counter       cstackCOMMON 007A
___llmod@dividend      cstackBANK0  0029
___llmod@divisor       cstackBANK0  0025
___lltoft              text525      0C8A
___lltoft@c            cstackBANK0  0020
___lltoft@exp          cstackCOMMON 007A
___wmul                text517      05C9
___wmul@multiplicand   cstackCOMMON 0074
___wmul@multiplier     cstackCOMMON 0072
___wmul@product        cstackCOMMON 0076
__div_to_l_            text543      1735
__div_to_l_@cntr       cstackBANK0  002C
__div_to_l_@exp1       cstackBANK0  002D
__div_to_l_@f1         cstackCOMMON 0072
__div_to_l_@f2         cstackCOMMON 0075
__div_to_l_@quot       cstackBANK0  0028
__end_of___altoft      text525      0CD7
__end_of___awdiv       text525      0EAF
__end_of___awmod       text525      0EEC
__end_of___bmul        text525      0F69
__end_of___ftadd       text520      0967
__end_of___ftge        text517      05BB
__end_of___ftmul       text525      0F5B
__end_of___ftneg       text517      0706
__end_of___ftpack      text525      0FA7
__end_of___ftsub       text520      08A5
__end_of___fttol       text517      063D
__end_of___lbdiv       text522      0A87
__end_of___lbmod       text522      0AA3
__end_of___lldiv       text517      0686
__end_of___llmod       text517      058F
__end_of___lltoft      text525      0CA8
__end_of___wmul        text517      05E2
__end_of__div_to_l_    text543      17F3
__end_of__tdiv_to_l_   text517      06FE
__end_of_fround        text522      0A6C
__end_of_isdigit       text517      05C9
__end_of_isprint       text523      0C80
__end_of_lcd_busy      text523      0C72
__end_of_lcd_gotoxy    text523      0AD1
__end_of_lcd_init      text523      0BBB
__end_of_lcd_put_byte  text523      0C4B
__end_of_lcd_putc      text523      0B00
__end_of_main          maintext     1735
__end_of_ngat          text547      07B7
__end_of_printf        text517      054D
__end_of_putch         text517      0551
__end_of_scale         text525      0E69
__npowers_             strings      1006
__pbssBANK0            bssBANK0     0062
__pcstackBANK0         cstackBANK0  0020
__pcstackBANK1         cstackBANK1  00A0
__pcstackCOMMON        cstackCOMMON 0070
__pintentry            intentry     0004
__pmaintext            maintext     168B
__powers_              strings      102D
__pstrings             strings      1000
__ptext517             text517      000F
__ptext518             text517      054D
__ptext519             text523      0AD1
__ptext520             text520      088F
__ptext521             text525      0CD7
__ptext522             text522      0967
__ptext523             text523      0AB9
__ptext524             text523      0B00
__ptext525             text525      0C8A
__ptext526             text525      0CA8
__ptext527             text525      0EEC
__ptext528             text520      08A5
__ptext529             text523      0C4B
__ptext530             text523      0BBB
__ptext531             text525      0EAF
__ptext532             text517      063D
__ptext533             text517      058F
__ptext534             text517      06FE
__ptext535             text517      0551
__ptext536             text525      0E69
__ptext537             text517      05E2
__ptext538             text525      0F69
__ptext539             text522      0A87
__ptext540             text522      0A6C
__ptext541             text517      05C9
__ptext542             text525      0F5B
__ptext543             text543      1735
__ptext544             text517      0686
__ptext545             text517      05BB
__ptext546             text523      0C72
__ptext547             text547      07A9
__ptext548             text548      0000
__size_of___altoft     (abs)        0000
__size_of___awdiv      (abs)        0000
__size_of___awmod      (abs)        0000
__size_of___bmul       (abs)        0000
__size_of___ftadd      (abs)        0000
__size_of___ftge       (abs)        0000
__size_of___ftmul      (abs)        0000
__size_of___ftneg      (abs)        0000
__size_of___ftpack     (abs)        0000
__size_of___ftsub      (abs)        0000
__size_of___fttol      (abs)        0000
__size_of___lbdiv      (abs)        0000
__size_of___lbmod      (abs)        0000
__size_of___lldiv      (abs)        0000
__size_of___llmod      (abs)        0000
__size_of___lltoft     (abs)        0000
__size_of___wmul       (abs)        0000
__size_of__div_to_l_   (abs)        0000
__size_of__tdiv_to_l_  (abs)        0000
__size_of_fround       (abs)        0000
__size_of_isdigit      (abs)        0000
__size_of_isprint      (abs)        0000
__size_of_lcd_busy     (abs)        0000
__size_of_lcd_gotoxy   (abs)        0000
__size_of_lcd_init     (abs)        0000
__size_of_lcd_put_byte (abs)        0000
__size_of_lcd_putc     (abs)        0000
__size_of_main         (abs)        0000
__size_of_ngat         (abs)        0000
__size_of_printf       (abs)        0000
__size_of_putch        (abs)        0000
__size_of_scale        (abs)        0000
__tdiv_to_l_           text517      0686
__tdiv_to_l_@cntr      cstackBANK0  0024
__tdiv_to_l_@exp1      cstackBANK0  0025
__tdiv_to_l_@f1        cstackCOMMON 0072
__tdiv_to_l_@f2        cstackCOMMON 0075
__tdiv_to_l_@quot      cstackBANK0  0020
_d                     bssBANK0     0066
_dpowers               strings      1054
_exit                  init         000C
_fround                text522      0967
_fround$4110           cstackBANK0  0052
_fround$4111           cstackBANK0  004F
_isdigit               text517      05BB
_isdigit$3668          cstackCOMMON 0072
_isprint               text523      0C72
_isprint$3671          cstackCOMMON 0072
_lcd_busy              text523      0C4B
_lcd_gotoxy            text523      0AB9
_lcd_init              text523      0B00
_lcd_put_byte          text523      0BBB
_lcd_putc              text523      0AD1
_main                  maintext     168B
_ngat                  text547      07A9
_printf                text517      000F
_printf$3160           cstackBANK1  00A0
_putch                 text517      054D
_scale                 text525      0CD7
_scale$4112            cstackBANK0  0047
_t                     bssBANK0     0069
_xung                  bssBANK0     0062
btemp                  (abs)        007E
end_of_initialization  cinit        07A5
fround@prec            cstackBANK0  0055
i1l2161                                 
i1l4849                                 
interrupt_function     intentry     0004
intlevel0              functab      0000
intlevel1              functab      0000
intlevel2              functab      0000
intlevel3              functab      0000
intlevel4              functab      0000
intlevel5              functab      0000
isdigit@c              cstackCOMMON 0073
isprint@c              cstackCOMMON 0073
l1056                                   
l1059                                   
l1067                                   
l1090                                   
l2164                                   
l3285                                   
l3290                                   
l3300                                   
l3306                                   
l3336                                   
l3342                                   
l3386                                   
l3453                                   
l3463                                   
l3467                                   
l3482                                   
l3521                                   
l3535                                   
l3543                                   
l3551                                   
l3594                                   
l6077                                   
l6079                                   
l6089                                   
l6091                                   
l6101                                   
l6109                                   
l6111                                   
l6113                                   
l6115                                   
l6117                                   
l6121                                   
l6125                                   
l6129                                   
l6137                                   
l6149                                   
l6159                                   
l6161                                   
l6163                                   
l6165                                   
l6169                                   
l6173                                   
l6175                                   
l6183                                   
l6195                                   
l6203                                   
l6205                                   
l6211                                   
l6219                                   
l6221                                   
l6227                                   
l6229                                   
l6231                                   
l6237                                   
l6241                                   
l6245                                   
l6251                                   
l6253                                   
l6257                                   
l6259                                   
l6265                                   
l6269                                   
l6271                                   
l6291                                   
l6293                                   
l6295                                   
l6297                                   
l6303                                   
l6305                                   
l6307                                   
l6309                                   
l6311                                   
l6319                                   
l6329                                   
l6335                                   
l6337                                   
l6341                                   
l6347                                   
l6351                                   
l6361                                   
l6365                                   
l6369                                   
l6373                                   
l6379                                   
l6393                                   
l6399                                   
l6407                                   
l6417                                   
l6419                                   
l6427                                   
l6429                                   
l6439                                   
l6443                                   
l6447                                   
l6453                                   
l6455                                   
l6459                                   
l6479                                   
l6483                                   
l6489                                   
l6491                                   
l6493                                   
l6497                                   
l6499                                   
l6501                                   
l6509                                   
l6511                                   
l6513                                   
l6521                                   
l6523                                   
l6525                                   
l6527                                   
l6529                                   
l6531                                   
l6533                                   
l6535                                   
l6539                                   
l6541                                   
l6543                                   
l6553                                   
l6559                                   
l6565                                   
l6567                                   
l6571                                   
l6583                                   
l6593                                   
l6599                                   
l6603                                   
l6605                                   
l6609                                   
l6611                                   
l6617                                   
l6631                                   
l6633                                   
l6635                                   
l6637                                   
l6639                                   
l6641                                   
l6643                                   
l6645                                   
l6653                                   
l6655                                   
l6657                                   
l6665                                   
l6667                                   
l6669                                   
l6673                                   
l6675                                   
l6677                                   
l6689                                   
l6699                                   
l6701                                   
l6703                                   
l6705                                   
l6707                                   
l6709                                   
l6737                                   
l6739                                   
l6745                                   
l6749                                   
l6753                                   
l6763                                   
l6771                                   
l6775                                   
l6811                                   
l6813                                   
l6817                                   
l6835                                   
l6837                                   
l6845                                   
l6857                                   
l6859                                   
l6865                                   
l6867                                   
l6871                                   
l6877                                   
l6893                                   
l6895                                   
l6899                                   
l6903                                   
l6907                                   
l6909                                   
l6911                                   
l6913                                   
l6915                                   
l6917                                   
l6923                                   
l6925                                   
l6955                                   
l6957                                   
l6959                                   
l6963                                   
l6977                                   
l6981                                   
l6995                                   
l7001                                   
l7015                                   
l7025                                   
l7033                                   
l7039                                   
l7041                                   
l7059                                   
l7099                                   
l7105                                   
l7117                                   
l7119                                   
l7121                                   
l7123                                   
l7125                                   
l7127                                   
l7129                                   
l7131                                   
l7133                                   
l7135                                   
l7137                                   
l7139                                   
l7141                                   
l7143                                   
l7145                                   
l7147                                   
l7149                                   
l7151                                   
l7153                                   
l7155                                   
l7159                                   
l7161                                   
l7163                                   
l7165                                   
l7167                                   
l7169                                   
l7171                                   
l7173                                   
l7175                                   
lcd_busy@busy          cstackCOMMON 0073
lcd_gotoxy@address     cstackCOMMON 0079
lcd_gotoxy@col         cstackCOMMON 0078
lcd_gotoxy@row         cstackCOMMON 0077
lcd_put_byte@b         cstackCOMMON 0072
lcd_put_byte@rs        cstackCOMMON 0075
lcd_put_byte@temp      cstackCOMMON 0076
lcd_putc@c             cstackCOMMON 007A
printf@_val            cstackBANK1  00A8
printf@ap              cstackBANK1  00A4
printf@c               cstackBANK1  00B8
printf@exp             cstackBANK1  00AF
printf@f               cstackBANK1  00AC
printf@flag            cstackBANK1  00AD
printf@fval            cstackBANK1  00B3
printf@integ           cstackBANK1  00A5
printf@prec            cstackBANK1  00B6
printf@width           cstackBANK1  00B1
putch@c                cstackCOMMON 007B
reset_vec              reset_vec    0000
saved_w                (abs)        007E
scale@scl              cstackBANK0  004A
start                  init         000C
start_initialization   cinit        079B
u2380                                   
u3470                                   
wtemp0                 (abs)        007E
